Archive member included to satisfy reference by file (symbol)

D:/SOFTWARE/en.st-stm32cubeide_1.18.1_24813_20250409_2138_x86_64.exe/STM32CubeIDE_1.18.1/STM32CubeIDE/plugins/com.st.stm32cube.ide.mcu.externaltools.gnu-tools-for-stm32.13.3.rel1.win32_1.0.0.202411081344/tools/bin/../lib/gcc/arm-none-eabi/13.3.1/../../../../arm-none-eabi/lib/thumb/v7-m/nofp\libc_nano.a(libc_a-exit.o)
                              D:/SOFTWARE/en.st-stm32cubeide_1.18.1_24813_20250409_2138_x86_64.exe/STM32CubeIDE_1.18.1/STM32CubeIDE/plugins/com.st.stm32cube.ide.mcu.externaltools.gnu-tools-for-stm32.13.3.rel1.win32_1.0.0.202411081344/tools/bin/../lib/gcc/arm-none-eabi/13.3.1/../../../../arm-none-eabi/lib/thumb/v7-m/nofp/crt0.o (exit)
D:/SOFTWARE/en.st-stm32cubeide_1.18.1_24813_20250409_2138_x86_64.exe/STM32CubeIDE_1.18.1/STM32CubeIDE/plugins/com.st.stm32cube.ide.mcu.externaltools.gnu-tools-for-stm32.13.3.rel1.win32_1.0.0.202411081344/tools/bin/../lib/gcc/arm-none-eabi/13.3.1/../../../../arm-none-eabi/lib/thumb/v7-m/nofp\libc_nano.a(libc_a-nano-vfprintf_float.o)
                              (_printf_float)
D:/SOFTWARE/en.st-stm32cubeide_1.18.1_24813_20250409_2138_x86_64.exe/STM32CubeIDE_1.18.1/STM32CubeIDE/plugins/com.st.stm32cube.ide.mcu.externaltools.gnu-tools-for-stm32.13.3.rel1.win32_1.0.0.202411081344/tools/bin/../lib/gcc/arm-none-eabi/13.3.1/../../../../arm-none-eabi/lib/thumb/v7-m/nofp\libc_nano.a(libc_a-nano-vfprintf_i.o)
                              D:/SOFTWARE/en.st-stm32cubeide_1.18.1_24813_20250409_2138_x86_64.exe/STM32CubeIDE_1.18.1/STM32CubeIDE/plugins/com.st.stm32cube.ide.mcu.externaltools.gnu-tools-for-stm32.13.3.rel1.win32_1.0.0.202411081344/tools/bin/../lib/gcc/arm-none-eabi/13.3.1/../../../../arm-none-eabi/lib/thumb/v7-m/nofp\libc_nano.a(libc_a-nano-vfprintf_float.o) (_printf_common)
D:/SOFTWARE/en.st-stm32cubeide_1.18.1_24813_20250409_2138_x86_64.exe/STM32CubeIDE_1.18.1/STM32CubeIDE/plugins/com.st.stm32cube.ide.mcu.externaltools.gnu-tools-for-stm32.13.3.rel1.win32_1.0.0.202411081344/tools/bin/../lib/gcc/arm-none-eabi/13.3.1/../../../../arm-none-eabi/lib/thumb/v7-m/nofp\libc_nano.a(libc_a-findfp.o)
                              D:/SOFTWARE/en.st-stm32cubeide_1.18.1_24813_20250409_2138_x86_64.exe/STM32CubeIDE_1.18.1/STM32CubeIDE/plugins/com.st.stm32cube.ide.mcu.externaltools.gnu-tools-for-stm32.13.3.rel1.win32_1.0.0.202411081344/tools/bin/../lib/gcc/arm-none-eabi/13.3.1/../../../../arm-none-eabi/lib/thumb/v7-m/nofp\libc_nano.a(libc_a-exit.o) (__stdio_exit_handler)
D:/SOFTWARE/en.st-stm32cubeide_1.18.1_24813_20250409_2138_x86_64.exe/STM32CubeIDE_1.18.1/STM32CubeIDE/plugins/com.st.stm32cube.ide.mcu.externaltools.gnu-tools-for-stm32.13.3.rel1.win32_1.0.0.202411081344/tools/bin/../lib/gcc/arm-none-eabi/13.3.1/../../../../arm-none-eabi/lib/thumb/v7-m/nofp\libc_nano.a(libc_a-fwalk.o)
                              D:/SOFTWARE/en.st-stm32cubeide_1.18.1_24813_20250409_2138_x86_64.exe/STM32CubeIDE_1.18.1/STM32CubeIDE/plugins/com.st.stm32cube.ide.mcu.externaltools.gnu-tools-for-stm32.13.3.rel1.win32_1.0.0.202411081344/tools/bin/../lib/gcc/arm-none-eabi/13.3.1/../../../../arm-none-eabi/lib/thumb/v7-m/nofp\libc_nano.a(libc_a-findfp.o) (_fwalk_sglue)
D:/SOFTWARE/en.st-stm32cubeide_1.18.1_24813_20250409_2138_x86_64.exe/STM32CubeIDE_1.18.1/STM32CubeIDE/plugins/com.st.stm32cube.ide.mcu.externaltools.gnu-tools-for-stm32.13.3.rel1.win32_1.0.0.202411081344/tools/bin/../lib/gcc/arm-none-eabi/13.3.1/../../../../arm-none-eabi/lib/thumb/v7-m/nofp\libc_nano.a(libc_a-snprintf.o)
                              ./Core/Src/control_motor.o (snprintf)
D:/SOFTWARE/en.st-stm32cubeide_1.18.1_24813_20250409_2138_x86_64.exe/STM32CubeIDE_1.18.1/STM32CubeIDE/plugins/com.st.stm32cube.ide.mcu.externaltools.gnu-tools-for-stm32.13.3.rel1.win32_1.0.0.202411081344/tools/bin/../lib/gcc/arm-none-eabi/13.3.1/../../../../arm-none-eabi/lib/thumb/v7-m/nofp\libc_nano.a(libc_a-sprintf.o)
                              ./Core/Src/line_follow.o (sprintf)
D:/SOFTWARE/en.st-stm32cubeide_1.18.1_24813_20250409_2138_x86_64.exe/STM32CubeIDE_1.18.1/STM32CubeIDE/plugins/com.st.stm32cube.ide.mcu.externaltools.gnu-tools-for-stm32.13.3.rel1.win32_1.0.0.202411081344/tools/bin/../lib/gcc/arm-none-eabi/13.3.1/../../../../arm-none-eabi/lib/thumb/v7-m/nofp\libc_nano.a(libc_a-stdio.o)
                              D:/SOFTWARE/en.st-stm32cubeide_1.18.1_24813_20250409_2138_x86_64.exe/STM32CubeIDE_1.18.1/STM32CubeIDE/plugins/com.st.stm32cube.ide.mcu.externaltools.gnu-tools-for-stm32.13.3.rel1.win32_1.0.0.202411081344/tools/bin/../lib/gcc/arm-none-eabi/13.3.1/../../../../arm-none-eabi/lib/thumb/v7-m/nofp\libc_nano.a(libc_a-findfp.o) (__sread)
D:/SOFTWARE/en.st-stm32cubeide_1.18.1_24813_20250409_2138_x86_64.exe/STM32CubeIDE_1.18.1/STM32CubeIDE/plugins/com.st.stm32cube.ide.mcu.externaltools.gnu-tools-for-stm32.13.3.rel1.win32_1.0.0.202411081344/tools/bin/../lib/gcc/arm-none-eabi/13.3.1/../../../../arm-none-eabi/lib/thumb/v7-m/nofp\libc_nano.a(libc_a-memset.o)
[...]
Memory Configuration

Name             Origin             Length             Attributes
RAM              0x20000000         0x00005000         xrw
FLASH            0x08000000         0x00010000         xr
*default*        0x00000000         0xffffffff

Linker script and memory map

LOAD D:/SOFTWARE/en.st-stm32cubeide_1.18.1_24813_20250409_2138_x86_64.exe/STM32CubeIDE_1.18.1/STM32CubeIDE/plugins/com.st.stm32cube.ide.mcu.externaltools.gnu-tools-for-stm32.13.3.rel1.win32_1.0.0.202411081344/tools/bin/../lib/gcc/arm-none-eabi/13.3.1/thumb/v7-m/nofp/crti.o
LOAD D:/SOFTWARE/en.st-stm32cubeide_1.18.1_24813_20250409_2138_x86_64.exe/STM32CubeIDE_1.18.1/STM32CubeIDE/plugins/com.st.stm32cube.ide.mcu.externaltools.gnu-tools-for-stm32.13.3.rel1.win32_1.0.0.202411081344/tools/bin/../lib/gcc/arm-none-eabi/13.3.1/thumb/v7-m/nofp/crtbegin.o
LOAD D:/SOFTWARE/en.st-stm32cubeide_1.18.1_24813_20250409_2138_x86_64.exe/STM32CubeIDE_1.18.1/STM32CubeIDE/plugins/com.st.stm32cube.ide.mcu.externaltools.gnu-tools-for-stm32.13.3.rel1.win32_1.0.0.202411081344/tools/bin/../lib/gcc/arm-none-eabi/13.3.1/../../../../arm-none-eabi/lib/thumb/v7-m/nofp/crt0.o
LOAD ./Core/Src/HX711.o
LOAD ./Core/Src/control_motor.o
LOAD ./Core/Src/hienthi.o
LOAD ./Core/Src/line_follow.o
LOAD ./Core/Src/loadcell.o
LOAD ./Core/Src/main.o
LOAD ./Core/Src/pid_line.o
LOAD ./Core/Src/stm32f1xx_hal_msp.o
LOAD ./Core/Src/stm32f1xx_it.o
LOAD ./Core/Src/syscalls.o
LOAD ./Core/Src/sysmem.o
LOAD ./Core/Src/system_stm32f1xx.o
LOAD ./Core/Startup/startup_stm32f103c8tx.o
LOAD ./Drivers/STM32F1xx_HAL_Driver/Src/stm32f1xx_hal.o
LOAD ./Drivers/STM32F1xx_HAL_Driver/Src/stm32f1xx_hal_adc.o
LOAD ./Drivers/STM32F1xx_HAL_Driver/Src/stm32f1xx_hal_adc_ex.o
LOAD ./Drivers/STM32F1xx_HAL_Driver/Src/stm32f1xx_hal_cortex.o
LOAD ./Drivers/STM32F1xx_HAL_Driver/Src/stm32f1xx_hal_dma.o
LOAD ./Drivers/STM32F1xx_HAL_Driver/Src/stm32f1xx_hal_exti.o
LOAD ./Drivers/STM32F1xx_HAL_Driver/Src/stm32f1xx_hal_flash.o
LOAD ./Drivers/STM32F1xx_HAL_Driver/Src/stm32f1xx_hal_flash_ex.o
LOAD ./Drivers/STM32F1xx_HAL_Driver/Src/stm32f1xx_hal_gpio.o
LOAD ./Drivers/STM32F1xx_HAL_Driver/Src/stm32f1xx_hal_gpio_ex.o
LOAD ./Drivers/STM32F1xx_HAL_Driver/Src/stm32f1xx_hal_pwr.o
LOAD ./Drivers/STM32F1xx_HAL_Driver/Src/stm32f1xx_hal_rcc.o
LOAD ./Drivers/STM32F1xx_HAL_Driver/Src/stm32f1xx_hal_rcc_ex.o
LOAD ./Drivers/STM32F1xx_HAL_Driver/Src/stm32f1xx_hal_tim.o
LOAD ./Drivers/STM32F1xx_HAL_Driver/Src/stm32f1xx_hal_tim_ex.o
LOAD ./Drivers/STM32F1xx_HAL_Driver/Src/stm32f1xx_hal_uart.o
START GROUP
LOAD D:/SOFTWARE/en.st-stm32cubeide_1.18.1_24813_20250409_2138_x86_64.exe/STM32CubeIDE_1.18.1/STM32CubeIDE/plugins/com.st.stm32cube.ide.mcu.externaltools.gnu-tools-for-stm32.13.3.rel1.win32_1.0.0.202411081344/tools/bin/../lib/gcc/arm-none-eabi/13.3.1/../../../../arm-none-eabi/lib/thumb/v7-m/nofp\libc_nano.a
LOAD D:/SOFTWARE/en.st-stm32cubeide_1.18.1_24813_20250409_2138_x86_64.exe/STM32CubeIDE_1.18.1/STM32CubeIDE/plugins/com.st.stm32cube.ide.mcu.externaltools.gnu-tools-for-stm32.13.3.rel1.win32_1.0.0.202411081344/tools/bin/../lib/gcc/arm-none-eabi/13.3.1/../../../../arm-none-eabi/lib/thumb/v7-m/nofp\libm.a
END GROUP
START GROUP
LOAD D:/SOFTWARE/en.st-stm32cubeide_1.18.1_24813_20250409_2138_x86_64.exe/STM32CubeIDE_1.18.1/STM32CubeIDE/plugins/com.st.stm32cube.ide.mcu.externaltools.gnu-tools-for-stm32.13.3.rel1.win32_1.0.0.202411081344/tools/bin/../lib/gcc/arm-none-eabi/13.3.1/thumb/v7-m/nofp\libgcc.a
LOAD D:/SOFTWARE/en.st-stm32cubeide_1.18.1_24813_20250409_2138_x86_64.exe/STM32CubeIDE_1.18.1/STM32CubeIDE/plugins/com.st.stm32cube.ide.mcu.externaltools.gnu-tools-for-stm32.13.3.rel1.win32_1.0.0.202411081344/tools/bin/../lib/gcc/arm-none-eabi/13.3.1/../../../../arm-none-eabi/lib/thumb/v7-m/nofp\libc_nano.a
END GROUP
START GROUP
LOAD D:/SOFTWARE/en.st-stm32cubeide_1.18.1_24813_20250409_2138_x86_64.exe/STM32CubeIDE_1.18.1/STM32CubeIDE/plugins/com.st.stm32cube.ide.mcu.externaltools.gnu-tools-for-stm32.13.3.rel1.win32_1.0.0.202411081344/tools/bin/../lib/gcc/arm-none-eabi/13.3.1/thumb/v7-m/nofp\libgcc.a
LOAD D:/SOFTWARE/en.st-stm32cubeide_1.18.1_24813_20250409_2138_x86_64.exe/STM32CubeIDE_1.18.1/STM32CubeIDE/plugins/com.st.stm32cube.ide.mcu.externaltools.gnu-tools-for-stm32.13.3.rel1.win32_1.0.0.202411081344/tools/bin/../lib/gcc/arm-none-eabi/13.3.1/../../../../arm-none-eabi/lib/thumb/v7-m/nofp\libc_nano.a
LOAD D:/SOFTWARE/en.st-stm32cubeide_1.18.1_24813_20250409_2138_x86_64.exe/STM32CubeIDE_1.18.1/STM32CubeIDE/plugins/com.st.stm32cube.ide.mcu.externaltools.gnu-tools-for-stm32.13.3.rel1.win32_1.0.0.202411081344/tools/bin/../lib/gcc/arm-none-eabi/13.3.1/../../../../arm-none-eabi/lib/thumb/v7-m/nofp\libnosys.a
END GROUP
START GROUP
LOAD D:/SOFTWARE/en.st-stm32cubeide_1.18.1_24813_20250409_2138_x86_64.exe/STM32CubeIDE_1.18.1/STM32CubeIDE/plugins/com.st.stm32cube.ide.mcu.externaltools.gnu-tools-for-stm32.13.3.rel1.win32_1.0.0.202411081344/tools/bin/../lib/gcc/arm-none-eabi/13.3.1/thumb/v7-m/nofp\libgcc.a
LOAD D:/SOFTWARE/en.st-stm32cubeide_1.18.1_24813_20250409_2138_x86_64.exe/STM32CubeIDE_1.18.1/STM32CubeIDE/plugins/com.st.stm32cube.ide.mcu.externaltools.gnu-tools-for-stm32.13.3.rel1.win32_1.0.0.202411081344/tools/bin/../lib/gcc/arm-none-eabi/13.3.1/../../../../arm-none-eabi/lib/thumb/v7-m/nofp\libc_nano.a
LOAD D:/SOFTWARE/en.st-stm32cubeide_1.18.1_24813_20250409_2138_x86_64.exe/STM32CubeIDE_1.18.1/STM32CubeIDE/plugins/com.st.stm32cube.ide.mcu.externaltools.gnu-tools-for-stm32.13.3.rel1.win32_1.0.0.202411081344/tools/bin/../lib/gcc/arm-none-eabi/13.3.1/../../../../arm-none-eabi/lib/thumb/v7-m/nofp\libnosys.a
END GROUP
LOAD D:/SOFTWARE/en.st-stm32cubeide_1.18.1_24813_20250409_2138_x86_64.exe/STM32CubeIDE_1.18.1/STM32CubeIDE/plugins/com.st.stm32cube.ide.mcu.externaltools.gnu-tools-for-stm32.13.3.rel1.win32_1.0.0.202411081344/tools/bin/../lib/gcc/arm-none-eabi/13.3.1/thumb/v7-m/nofp/crtend.o
LOAD D:/SOFTWARE/en.st-stm32cubeide_1.18.1_24813_20250409_2138_x86_64.exe/STM32CubeIDE_1.18.1/STM32CubeIDE/plugins/com.st.stm32cube.ide.mcu.externaltools.gnu-tools-for-stm32.13.3.rel1.win32_1.0.0.202411081344/tools/bin/../lib/gcc/arm-none-eabi/13.3.1/thumb/v7-m/nofp/crtn.o
                0x20005000                        _estack = (ORIGIN (RAM) + LENGTH (RAM))
                0x00000200                        _Min_Heap_Size = 0x200
                0x00000400                        _Min_Stack_Size = 0x400

.isr_vector     0x08000000      0x10c
                0x08000000                        . = ALIGN (0x4)
 *(.isr_vector)
 .isr_vector    0x08000000      0x10c ./Core/Startup/startup_stm32f103c8tx.o
                0x08000000                g_pfnVectors
                0x0800010c                        . = ALIGN (0x4)

.text           0x08000110     0x7f48
                0x08000110                        . = ALIGN (0x4)
 *(.text)
 .text          0x08000110       0x40 D:/SOFTWARE/en.st-stm32cubeide_1.18.1_24813_20250409_2138_x86_64.exe/STM32CubeIDE_1.18.1/STM32CubeIDE/plugins/com.st.stm32cube.ide.mcu.externaltools.gnu-tools-for-stm32.13.3.rel1.win32_1.0.0.202411081344/tools/bin/../lib/gcc/arm-none-eabi/13.3.1/thumb/v7-m/nofp/crtbegin.o
 .text          0x08000150       0x10 D:/SOFTWARE/en.st-stm32cubeide_1.18.1_24813_20250409_2138_x86_64.exe/STM32CubeIDE_1.18.1/STM32CubeIDE/plugins/com.st.stm32cube.ide.mcu.externaltools.gnu-tools-for-stm32.13.3.rel1.win32_1.0.0.202411081344/tools/bin/../lib/gcc/arm-none-eabi/13.3.1/../../../../arm-none-eabi/lib/thumb/v7-m/nofp\libc_nano.a(libc_a-strlen.o)
                0x08000150                strlen
 .text          0x08000160      0x378 D:/SOFTWARE/en.st-stm32cubeide_1.18.1_24813_20250409_2138_x86_64.exe/STM32CubeIDE_1.18.1/STM32CubeIDE/plugins/com.st.stm32cube.ide.mcu.externaltools.gnu-tools-for-stm32.13.3.rel1.win32_1.0.0.202411081344/tools/bin/../lib/gcc/arm-none-eabi/13.3.1/thumb/v7-m/nofp\libgcc.a(_arm_addsubdf3.o)
                0x08000160                __aeabi_drsub
                0x08000168                __aeabi_dsub
                0x08000168                __subdf3
                0x0800016c                __aeabi_dadd
                0x0800016c                __adddf3
                0x080003e4                __floatunsidf
                0x080003e4                __aeabi_ui2d
                0x08000404                __floatsidf
                0x08000404                __aeabi_i2d
                0x08000428                __aeabi_f2d
                0x08000428                __extendsfdf2
                0x0800046c                __floatundidf
                0x0800046c                __aeabi_ul2d
                0x0800047c                __floatdidf
                0x0800047c                __aeabi_l2d
 .text          0x080004d8      0x424 D:/SOFTWARE/en.st-stm32cubeide_1.18.1_24813_20250409_2138_x86_64.exe/STM32CubeIDE_1.18.1/STM32CubeIDE/plugins/com.st.stm32cube.ide.mcu.externaltools.gnu-tools-for-stm32.13.3.rel1.win32_1.0.0.202411081344/tools/bin/../lib/gcc/arm-none-eabi/13.3.1/thumb/v7-m/nofp\libgcc.a(_arm_muldivdf3.o)
                0x080004d8                __aeabi_dmul
                0x080004d8                __muldf3
                0x0800072c                __divdf3
                0x0800072c                __aeabi_ddiv
 .text          0x080008fc      0x110 D:/SOFTWARE/en.st-stm32cubeide_1.18.1_24813_20250409_2138_x86_64.exe/STM32CubeIDE_1.18.1/STM32CubeIDE/plugins/com.st.stm32cube.ide.mcu.externaltools.gnu-tools-for-stm32.13.3.rel1.win32_1.0.0.202411081344/tools/bin/../lib/gcc/arm-none-eabi/13.3.1/thumb/v7-m/nofp\libgcc.a(_arm_cmpdf2.o)
                0x080008fc                __gtdf2
                0x080008fc                __gedf2
                0x08000904                __ltdf2
                0x08000904                __ledf2
                0x0800090c                __nedf2
                0x0800090c                __eqdf2
                0x0800090c                __cmpdf2
                0x08000988                __aeabi_cdrcmple
                0x08000998                __aeabi_cdcmpeq
                0x08000998                __aeabi_cdcmple
                0x080009a8                __aeabi_dcmpeq
                0x080009bc                __aeabi_dcmplt
                0x080009d0                __aeabi_dcmple
                0x080009e4                __aeabi_dcmpge
                0x080009f8                __aeabi_dcmpgt
 .text          0x08000a0c       0x2c D:/SOFTWARE/en.st-stm32cubeide_1.18.1_24813_20250409_2138_x86_64.exe/STM32CubeIDE_1.18.1/STM32CubeIDE/plugins/com.st.stm32cube.ide.mcu.externaltools.gnu-tools-for-stm32.13.3.rel1.win32_1.0.0.202411081344/tools/bin/../lib/gcc/arm-none-eabi/13.3.1/thumb/v7-m/nofp\libgcc.a(_arm_unorddf2.o)
                0x08000a0c                __unorddf2
                0x08000a0c                __aeabi_dcmpun
 .text          0x08000a38       0x50 D:/SOFTWARE/en.st-stm32cubeide_1.18.1_24813_20250409_2138_x86_64.exe/STM32CubeIDE_1.18.1/STM32CubeIDE/plugins/com.st.stm32cube.ide.mcu.externaltools.gnu-tools-for-stm32.13.3.rel1.win32_1.0.0.202411081344/tools/bin/../lib/gcc/arm-none-eabi/13.3.1/thumb/v7-m/nofp\libgcc.a(_arm_fixdfsi.o)
                0x08000a38                __aeabi_d2iz
                0x08000a38                __fixdfsi
 .text          0x08000a88      0x21c D:/SOFTWARE/en.st-stm32cubeide_1.18.1_24813_20250409_2138_x86_64.exe/STM32CubeIDE_1.18.1/STM32CubeIDE/plugins/com.st.stm32cube.ide.mcu.externaltools.gnu-tools-for-stm32.13.3.rel1.win32_1.0.0.202411081344/tools/bin/../lib/gcc/arm-none-eabi/13.3.1/thumb/v7-m/nofp\libgcc.a(_arm_addsubsf3.o)
                0x08000a88                __aeabi_frsub
                0x08000a90                __subsf3
                0x08000a90                __aeabi_fsub
                0x08000a94                __aeabi_fadd
                0x08000a94                __addsf3
                0x08000bf4                __aeabi_ui2f
                0x08000bf4                __floatunsisf
                0x08000bfc                __aeabi_i2f
                0x08000bfc                __floatsisf
                0x08000c18                __aeabi_ul2f
                0x08000c18                __floatundisf
                0x08000c28                __aeabi_l2f
                0x08000c28                __floatdisf
 .text          0x08000ca4      0x2a0 D:/SOFTWARE/en.st-stm32cubeide_1.18.1_24813_20250409_2138_x86_64.exe/STM32CubeIDE_1.18.1/STM32CubeIDE/plugins/com.st.stm32cube.ide.mcu.externaltools.gnu-tools-for-stm32.13.3.rel1.win32_1.0.0.202411081344/tools/bin/../lib/gcc/arm-none-eabi/13.3.1/thumb/v7-m/nofp\libgcc.a(_arm_muldivsf3.o)
                0x08000ca4                __mulsf3
                0x08000ca4                __aeabi_fmul
                0x08000e0c                __aeabi_fdiv
                0x08000e0c                __divsf3
 .text          0x08000f44       0xec D:/SOFTWARE/en.st-stm32cubeide_1.18.1_24813_20250409_2138_x86_64.exe/STM32CubeIDE_1.18.1/STM32CubeIDE/plugins/com.st.stm32cube.ide.mcu.externaltools.gnu-tools-for-stm32.13.3.rel1.win32_1.0.0.202411081344/tools/bin/../lib/gcc/arm-none-eabi/13.3.1/thumb/v7-m/nofp\libgcc.a(_arm_cmpsf2.o)
                0x08000f44                __gesf2
                0x08000f44                __gtsf2
                0x08000f4c                __lesf2
                0x08000f4c                __ltsf2
                0x08000f54                __nesf2
                0x08000f54                __eqsf2
                0x08000f54                __cmpsf2
                0x08000fb4                __aeabi_cfrcmple
                0x08000fbc                __aeabi_cfcmpeq
                0x08000fbc                __aeabi_cfcmple
                0x08000fcc                __aeabi_fcmpeq
                0x08000fe0                __aeabi_fcmplt
                0x08000ff4                __aeabi_fcmple
                0x08001008                __aeabi_fcmpge
                0x0800101c                __aeabi_fcmpgt
 .text          0x08001030       0xa0 D:/SOFTWARE/en.st-stm32cubeide_1.18.1_24813_20250409_2138_x86_64.exe/STM32CubeIDE_1.18.1/STM32CubeIDE/plugins/com.st.stm32cube.ide.mcu.externaltools.gnu-tools-for-stm32.13.3.rel1.win32_1.0.0.202411081344/tools/bin/../lib/gcc/arm-none-eabi/13.3.1/thumb/v7-m/nofp\libgcc.a(_aeabi_ldivmod.o)
                0x08001030                __aeabi_ldivmod
 .text          0x080010d0      0x300 D:/SOFTWARE/en.st-stm32cubeide_1.18.1_24813_20250409_2138_x86_64.exe/STM32CubeIDE_1.18.1/STM32CubeIDE/plugins/com.st.stm32cube.ide.mcu.externaltools.gnu-tools-for-stm32.13.3.rel1.win32_1.0.0.202411081344/tools/bin/../lib/gcc/arm-none-eabi/13.3.1/thumb/v7-m/nofp\libgcc.a(_udivmoddi4.o)
                0x080010d0                __udivmoddi4
 .text          0x080013d0        0x4 D:/SOFTWARE/en.st-stm32cubeide_1.18.1_24813_20250409_2138_x86_64.exe/STM32CubeIDE_1.18.1/STM32CubeIDE/plugins/com.st.stm32cube.ide.mcu.externaltools.gnu-tools-for-stm32.13.3.rel1.win32_1.0.0.202411081344/tools/bin/../lib/gcc/arm-none-eabi/13.3.1/thumb/v7-m/nofp\libgcc.a(_dvmd_tls.o)
                0x080013d0                __aeabi_idiv0
                0x080013d0                __aeabi_ldiv0
 *(.text*)
 .text.HX711_Delay_us
                0x080013d4       0x48 ./Core/Src/HX711.o
 .text.HX711_DWT_Init
                0x0800141c       0x34 ./Core/Src/HX711.o
                0x0800141c                HX711_DWT_Init
 .text.HX711_Init
                0x08001450       0x54 ./Core/Src/HX711.o
                0x08001450                HX711_Init
 .text.HX711_ReadRaw
                0x080014a4      0x132 ./Core/Src/HX711.o
                0x080014a4                HX711_ReadRaw
 .text.HX711_ReadAverage
                0x080015d6       0x80 ./Core/Src/HX711.o
                0x080015d6                HX711_ReadAverage
 .text.HX711_Tare
                0x08001656       0x26 ./Core/Src/HX711.o
                0x08001656                HX711_Tare
 .text.HX711_SetScale
                0x0800167c       0x2a ./Core/Src/HX711.o
                0x0800167c                HX711_SetScale
 .text.HX711_SetOffset
                0x080016a6       0x1a ./Core/Src/HX711.o
                0x080016a6                HX711_SetOffset
 .text.HX711_GetOffset
                0x080016c0       0x16 ./Core/Src/HX711.o
                0x080016c0                HX711_GetOffset
 .text.HX711_GetUnits
                0x080016d6       0x52 ./Core/Src/HX711.o
                0x080016d6                HX711_GetUnits
 .text.print_uart
                0x08001728       0x2c ./Core/Src/hienthi.o
                0x08001728                print_uart
 .text.FOLLOW_Init
                0x08001754       0x50 ./Core/Src/line_follow.o
                0x08001754                FOLLOW_Init
 .text.FOLLOW_ReadSensors
                0x080017a4       0x48 ./Core/Src/line_follow.o
                0x080017a4                FOLLOW_ReadSensors
 .text.HAL_ADC_ConvCpltCallback
                0x080017ec       0x28 ./Core/Src/line_follow.o
                0x080017ec                HAL_ADC_ConvCpltCallback
 .text.FOLLOW_ComputePosition
                0x08001814      0x100 ./Core/Src/line_follow.o
                0x08001814                FOLLOW_ComputePosition
 .text.FOLLOW_TestSensors
                0x08001914       0xa4 ./Core/Src/line_follow.o
                0x08001914                FOLLOW_TestSensors
 .text.LoadCell_Init
                0x080019b8       0xe8 ./Core/Src/loadcell.o
                0x080019b8                LoadCell_Init
 .text.LoadCell_TareAuto
                0x08001aa0       0x28 ./Core/Src/loadcell.o
                0x08001aa0                LoadCell_TareAuto
 .text.main     0x08001ac8       0x94 ./Core/Src/main.o
                0x08001ac8                main
 .text.SystemClock_Config
                0x08001b5c       0xb8 ./Core/Src/main.o
                0x08001b5c                SystemClock_Config
 .text.MX_ADC1_Init
                0x08001c14       0xf0 ./Core/Src/main.o
 .text.MX_TIM1_Init
                0x08001d04      0x120 ./Core/Src/main.o
 .text.MX_TIM2_Init
                0x08001e24       0xa8 ./Core/Src/main.o
 .text.MX_TIM3_Init
                0x08001ecc       0xb4 ./Core/Src/main.o
 .text.MX_TIM4_Init
                0x08001f80       0xa8 ./Core/Src/main.o
 .text.MX_USART1_UART_Init
                0x08002028       0x54 ./Core/Src/main.o
 .text.MX_DMA_Init
                0x0800207c       0x3c ./Core/Src/main.o
 .text.MX_GPIO_Init
                0x080020b8       0xdc ./Core/Src/main.o
 .text.Error_Handler
                0x08002194        0xc ./Core/Src/main.o
                0x08002194                Error_Handler
 .text.HAL_MspInit
                0x080021a0       0x64 ./Core/Src/stm32f1xx_hal_msp.o
                0x080021a0                HAL_MspInit
 .text.HAL_ADC_MspInit
                0x08002204       0xe4 ./Core/Src/stm32f1xx_hal_msp.o
                0x08002204                HAL_ADC_MspInit
 .text.HAL_TIM_PWM_MspInit
                0x080022e8       0x64 ./Core/Src/stm32f1xx_hal_msp.o
                0x080022e8                HAL_TIM_PWM_MspInit
 .text.HAL_TIM_Encoder_MspInit
                0x0800234c      0x130 ./Core/Src/stm32f1xx_hal_msp.o
                0x0800234c                HAL_TIM_Encoder_MspInit
 .text.HAL_TIM_MspPostInit
                0x0800247c       0xa8 ./Core/Src/stm32f1xx_hal_msp.o
                0x0800247c                HAL_TIM_MspPostInit
 .text.HAL_UART_MspInit
                0x08002524       0x98 ./Core/Src/stm32f1xx_hal_msp.o
                0x08002524                HAL_UART_MspInit
 .text.NMI_Handler
                0x080025bc        0x8 ./Core/Src/stm32f1xx_it.o
                0x080025bc                NMI_Handler
 .text.HardFault_Handler
                0x080025c4        0x8 ./Core/Src/stm32f1xx_it.o
                0x080025c4                HardFault_Handler
 .text.MemManage_Handler
                0x080025cc        0x8 ./Core/Src/stm32f1xx_it.o
                0x080025cc                MemManage_Handler
 .text.BusFault_Handler
                0x080025d4        0x8 ./Core/Src/stm32f1xx_it.o
                0x080025d4                BusFault_Handler
 .text.UsageFault_Handler
                0x080025dc        0x8 ./Core/Src/stm32f1xx_it.o
                0x080025dc                UsageFault_Handler
 .text.SVC_Handler
                0x080025e4        0xc ./Core/Src/stm32f1xx_it.o
                0x080025e4                SVC_Handler
 .text.DebugMon_Handler
                0x080025f0        0xc ./Core/Src/stm32f1xx_it.o
                0x080025f0                DebugMon_Handler
 .text.PendSV_Handler
                0x080025fc        0xc ./Core/Src/stm32f1xx_it.o
                0x080025fc                PendSV_Handler
 .text.SysTick_Handler
                0x08002608        0xc ./Core/Src/stm32f1xx_it.o
                0x08002608                SysTick_Handler
 .text.DMA1_Channel1_IRQHandler
                0x08002614       0x14 ./Core/Src/stm32f1xx_it.o
                0x08002614                DMA1_Channel1_IRQHandler
 .text.ADC1_2_IRQHandler
                0x08002628       0x14 ./Core/Src/stm32f1xx_it.o
                0x08002628                ADC1_2_IRQHandler
 .text._getpid  0x0800263c        0xe ./Core/Src/syscalls.o
                0x0800263c                _getpid
 .text._kill    0x0800264a       0x20 ./Core/Src/syscalls.o
                0x0800264a                _kill
 .text._exit    0x0800266a       0x16 ./Core/Src/syscalls.o
                0x0800266a                _exit
 .text._read    0x08002680       0x3a ./Core/Src/syscalls.o
                0x08002680                _read
 .text._write   0x080026ba       0x38 ./Core/Src/syscalls.o
                0x080026ba                _write
 .text._close   0x080026f2       0x16 ./Core/Src/syscalls.o
                0x080026f2                _close
 .text._fstat   0x08002708       0x1e ./Core/Src/syscalls.o
                0x08002708                _fstat
 .text._isatty  0x08002726       0x14 ./Core/Src/syscalls.o
                0x08002726                _isatty
 .text._lseek   0x0800273a       0x18 ./Core/Src/syscalls.o
                0x0800273a                _lseek
 *fill*         0x08002752        0x2 
 .text._sbrk    0x08002754       0x6c ./Core/Src/sysmem.o
                0x08002754                _sbrk
 .text.SystemInit
                0x080027c0        0xc ./Core/Src/system_stm32f1xx.o
                0x080027c0                SystemInit
 .text.Reset_Handler
                0x080027cc       0x48 ./Core/Startup/startup_stm32f103c8tx.o
                0x080027cc                Reset_Handler
 .text.Default_Handler
                0x08002814        0x2 ./Core/Startup/startup_stm32f103c8tx.o
                0x08002814                RTC_Alarm_IRQHandler
                0x08002814                EXTI2_IRQHandler
                0x08002814                TIM1_CC_IRQHandler
                0x08002814                PVD_IRQHandler
                0x08002814                EXTI3_IRQHandler
                0x08002814                EXTI0_IRQHandler
                0x08002814                I2C2_EV_IRQHandler
                0x08002814                SPI1_IRQHandler
                0x08002814                TAMPER_IRQHandler
                0x08002814                DMA1_Channel4_IRQHandler
                0x08002814                USART3_IRQHandler
                0x08002814                RTC_IRQHandler
                0x08002814                DMA1_Channel7_IRQHandler
                0x08002814                CAN1_RX1_IRQHandler
                0x08002814                TIM4_IRQHandler
                0x08002814                I2C1_EV_IRQHandler
                0x08002814                DMA1_Channel6_IRQHandler
                0x08002814                TIM3_IRQHandler
                0x08002814                RCC_IRQHandler
                0x08002814                TIM1_TRG_COM_IRQHandler
                0x08002814                Default_Handler
                0x08002814                EXTI15_10_IRQHandler
                0x08002814                EXTI9_5_IRQHandler
                0x08002814                SPI2_IRQHandler
                0x08002814                DMA1_Channel5_IRQHandler
                0x08002814                EXTI4_IRQHandler
                0x08002814                USB_LP_CAN1_RX0_IRQHandler
                0x08002814                USB_HP_CAN1_TX_IRQHandler
                0x08002814                DMA1_Channel3_IRQHandler
                0x08002814                TIM1_UP_IRQHandler
                0x08002814                WWDG_IRQHandler
                0x08002814                TIM2_IRQHandler
                0x08002814                TIM1_BRK_IRQHandler
                0x08002814                EXTI1_IRQHandler
                0x08002814                USART2_IRQHandler
                0x08002814                I2C2_ER_IRQHandler
                0x08002814                DMA1_Channel2_IRQHandler
                0x08002814                CAN1_SCE_IRQHandler
                0x08002814                FLASH_IRQHandler
                0x08002814                USART1_IRQHandler
                0x08002814                I2C1_ER_IRQHandler
                0x08002814                USBWakeUp_IRQHandler
 *fill*         0x08002816        0x2 
 .text.HAL_Init
                0x08002818       0x2c ./Drivers/STM32F1xx_HAL_Driver/Src/stm32f1xx_hal.o
                0x08002818                HAL_Init
 .text.HAL_InitTick
                0x08002844       0x60 ./Drivers/STM32F1xx_HAL_Driver/Src/stm32f1xx_hal.o
                0x08002844                HAL_InitTick
 .text.HAL_IncTick
                0x080028a4       0x24 ./Drivers/STM32F1xx_HAL_Driver/Src/stm32f1xx_hal.o
                0x080028a4                HAL_IncTick
 .text.HAL_GetTick
                0x080028c8       0x14 ./Drivers/STM32F1xx_HAL_Driver/Src/stm32f1xx_hal.o
                0x080028c8                HAL_GetTick
 .text.HAL_Delay
                0x080028dc       0x48 ./Drivers/STM32F1xx_HAL_Driver/Src/stm32f1xx_hal.o
                0x080028dc                HAL_Delay
 .text.HAL_ADC_Init
                0x08002924      0x1b0 ./Drivers/STM32F1xx_HAL_Driver/Src/stm32f1xx_hal_adc.o
                0x08002924                HAL_ADC_Init
 .text.HAL_ADC_Start
                0x08002ad4      0x15c ./Drivers/STM32F1xx_HAL_Driver/Src/stm32f1xx_hal_adc.o
                0x08002ad4                HAL_ADC_Start
 .text.HAL_ADC_Start_DMA
                0x08002c30      0x1bc ./Drivers/STM32F1xx_HAL_Driver/Src/stm32f1xx_hal_adc.o
                0x08002c30                HAL_ADC_Start_DMA
 .text.HAL_ADC_IRQHandler
                0x08002dec      0x17e ./Drivers/STM32F1xx_HAL_Driver/Src/stm32f1xx_hal_adc.o
                0x08002dec                HAL_ADC_IRQHandler
 .text.HAL_ADC_ConvHalfCpltCallback
                0x08002f6a       0x12 ./Drivers/STM32F1xx_HAL_Driver/Src/stm32f1xx_hal_adc.o
                0x08002f6a                HAL_ADC_ConvHalfCpltCallback
 .text.HAL_ADC_LevelOutOfWindowCallback
                0x08002f7c       0x12 ./Drivers/STM32F1xx_HAL_Driver/Src/stm32f1xx_hal_adc.o
                0x08002f7c                HAL_ADC_LevelOutOfWindowCallback
 .text.HAL_ADC_ErrorCallback
                0x08002f8e       0x12 ./Drivers/STM32F1xx_HAL_Driver/Src/stm32f1xx_hal_adc.o
                0x08002f8e                HAL_ADC_ErrorCallback
 .text.HAL_ADC_ConfigChannel
                0x08002fa0      0x1f0 ./Drivers/STM32F1xx_HAL_Driver/Src/stm32f1xx_hal_adc.o
                0x08002fa0                HAL_ADC_ConfigChannel
 .text.ADC_Enable
                0x08003190       0xb4 ./Drivers/STM32F1xx_HAL_Driver/Src/stm32f1xx_hal_adc.o
                0x08003190                ADC_Enable
 .text.ADC_ConversionStop_Disable
                0x08003244       0x82 ./Drivers/STM32F1xx_HAL_Driver/Src/stm32f1xx_hal_adc.o
                0x08003244                ADC_ConversionStop_Disable
 .text.ADC_DMAConvCplt
                0x080032c6       0x7c ./Drivers/STM32F1xx_HAL_Driver/Src/stm32f1xx_hal_adc.o
                0x080032c6                ADC_DMAConvCplt
 .text.ADC_DMAHalfConvCplt
                0x08003342       0x1c ./Drivers/STM32F1xx_HAL_Driver/Src/stm32f1xx_hal_adc.o
                0x08003342                ADC_DMAHalfConvCplt
 .text.ADC_DMAError
                0x0800335e       0x34 ./Drivers/STM32F1xx_HAL_Driver/Src/stm32f1xx_hal_adc.o
                0x0800335e                ADC_DMAError
 .text.HAL_ADCEx_InjectedConvCpltCallback
                0x08003392       0x12 ./Drivers/STM32F1xx_HAL_Driver/Src/stm32f1xx_hal_adc_ex.o
                0x08003392                HAL_ADCEx_InjectedConvCpltCallback
 .text.__NVIC_SetPriorityGrouping
                0x080033a4       0x48 ./Drivers/STM32F1xx_HAL_Driver/Src/stm32f1xx_hal_cortex.o
 .text.__NVIC_GetPriorityGrouping
                0x080033ec       0x1c ./Drivers/STM32F1xx_HAL_Driver/Src/stm32f1xx_hal_cortex.o
 .text.__NVIC_EnableIRQ
                0x08003408       0x38 ./Drivers/STM32F1xx_HAL_Driver/Src/stm32f1xx_hal_cortex.o
 .text.__NVIC_SetPriority
                0x08003440       0x54 ./Drivers/STM32F1xx_HAL_Driver/Src/stm32f1xx_hal_cortex.o
 .text.NVIC_EncodePriority
                0x08003494       0x64 ./Drivers/STM32F1xx_HAL_Driver/Src/stm32f1xx_hal_cortex.o
 .text.SysTick_Config
                0x080034f8       0x44 ./Drivers/STM32F1xx_HAL_Driver/Src/stm32f1xx_hal_cortex.o
 .text.HAL_NVIC_SetPriorityGrouping
                0x0800353c       0x16 ./Drivers/STM32F1xx_HAL_Driver/Src/stm32f1xx_hal_cortex.o
                0x0800353c                HAL_NVIC_SetPriorityGrouping
 .text.HAL_NVIC_SetPriority
                0x08003552       0x38 ./Drivers/STM32F1xx_HAL_Driver/Src/stm32f1xx_hal_cortex.o
                0x08003552                HAL_NVIC_SetPriority
 .text.HAL_NVIC_EnableIRQ
                0x0800358a       0x1c ./Drivers/STM32F1xx_HAL_Driver/Src/stm32f1xx_hal_cortex.o
                0x0800358a                HAL_NVIC_EnableIRQ
 .text.HAL_SYSTICK_Config
                0x080035a6       0x18 ./Drivers/STM32F1xx_HAL_Driver/Src/stm32f1xx_hal_cortex.o
                0x080035a6                HAL_SYSTICK_Config
 *fill*         0x080035be        0x2 
 .text.HAL_DMA_Init
                0x080035c0       0xb4 ./Drivers/STM32F1xx_HAL_Driver/Src/stm32f1xx_hal_dma.o
                0x080035c0                HAL_DMA_Init
 .text.HAL_DMA_Start_IT
                0x08003674       0xc0 ./Drivers/STM32F1xx_HAL_Driver/Src/stm32f1xx_hal_dma.o
                0x08003674                HAL_DMA_Start_IT
 .text.HAL_DMA_IRQHandler
                0x08003734      0x20c ./Drivers/STM32F1xx_HAL_Driver/Src/stm32f1xx_hal_dma.o
                0x08003734                HAL_DMA_IRQHandler
 .text.DMA_SetConfig
                0x08003940       0x5a ./Drivers/STM32F1xx_HAL_Driver/Src/stm32f1xx_hal_dma.o
 *fill*         0x0800399a        0x2 
 .text.HAL_GPIO_Init
                0x0800399c      0x308 ./Drivers/STM32F1xx_HAL_Driver/Src/stm32f1xx_hal_gpio.o
                0x0800399c                HAL_GPIO_Init
 .text.HAL_GPIO_ReadPin
                0x08003ca4       0x2e ./Drivers/STM32F1xx_HAL_Driver/Src/stm32f1xx_hal_gpio.o
                0x08003ca4                HAL_GPIO_ReadPin
 .text.HAL_GPIO_WritePin
                0x08003cd2       0x30 ./Drivers/STM32F1xx_HAL_Driver/Src/stm32f1xx_hal_gpio.o
                0x08003cd2                HAL_GPIO_WritePin
 *fill*         0x08003d02        0x2 
 .text.HAL_RCC_OscConfig
                0x08003d04      0x504 ./Drivers/STM32F1xx_HAL_Driver/Src/stm32f1xx_hal_rcc.o
                0x08003d04                HAL_RCC_OscConfig
 .text.HAL_RCC_ClockConfig
                0x08004208      0x1d4 ./Drivers/STM32F1xx_HAL_Driver/Src/stm32f1xx_hal_rcc.o
                0x08004208                HAL_RCC_ClockConfig
 .text.HAL_RCC_GetSysClockFreq
                0x080043dc       0xa8 ./Drivers/STM32F1xx_HAL_Driver/Src/stm32f1xx_hal_rcc.o
                0x080043dc                HAL_RCC_GetSysClockFreq
 .text.HAL_RCC_GetHCLKFreq
                0x08004484       0x14 ./Drivers/STM32F1xx_HAL_Driver/Src/stm32f1xx_hal_rcc.o
                0x08004484                HAL_RCC_GetHCLKFreq
 .text.HAL_RCC_GetPCLK1Freq
                0x08004498       0x28 ./Drivers/STM32F1xx_HAL_Driver/Src/stm32f1xx_hal_rcc.o
                0x08004498                HAL_RCC_GetPCLK1Freq
 .text.HAL_RCC_GetPCLK2Freq
                0x080044c0       0x28 ./Drivers/STM32F1xx_HAL_Driver/Src/stm32f1xx_hal_rcc.o
                0x080044c0                HAL_RCC_GetPCLK2Freq
 .text.RCC_Delay
                0x080044e8       0x3c ./Drivers/STM32F1xx_HAL_Driver/Src/stm32f1xx_hal_rcc.o
 .text.HAL_RCCEx_PeriphCLKConfig
                0x08004524      0x16c ./Drivers/STM32F1xx_HAL_Driver/Src/stm32f1xx_hal_rcc_ex.o
                0x08004524                HAL_RCCEx_PeriphCLKConfig
 .text.HAL_TIM_PWM_Init
                0x08004690       0x9e ./Drivers/STM32F1xx_HAL_Driver/Src/stm32f1xx_hal_tim.o
                0x08004690                HAL_TIM_PWM_Init
 .text.HAL_TIM_Encoder_Init
                0x0800472e      0x144 ./Drivers/STM32F1xx_HAL_Driver/Src/stm32f1xx_hal_tim.o
                0x0800472e                HAL_TIM_Encoder_Init
 *fill*         0x08004872        0x2 
 .text.HAL_TIM_PWM_ConfigChannel
                0x08004874      0x184 ./Drivers/STM32F1xx_HAL_Driver/Src/stm32f1xx_hal_tim.o
                0x08004874                HAL_TIM_PWM_ConfigChannel
 .text.TIM_Base_SetConfig
                0x080049f8       0xdc ./Drivers/STM32F1xx_HAL_Driver/Src/stm32f1xx_hal_tim.o
                0x080049f8                TIM_Base_SetConfig
 .text.TIM_OC1_SetConfig
                0x08004ad4       0xcc ./Drivers/STM32F1xx_HAL_Driver/Src/stm32f1xx_hal_tim.o
 .text.TIM_OC2_SetConfig
                0x08004ba0       0xd4 ./Drivers/STM32F1xx_HAL_Driver/Src/stm32f1xx_hal_tim.o
                0x08004ba0                TIM_OC2_SetConfig
 .text.TIM_OC3_SetConfig
                0x08004c74       0xd4 ./Drivers/STM32F1xx_HAL_Driver/Src/stm32f1xx_hal_tim.o
 .text.TIM_OC4_SetConfig
                0x08004d48       0x9c ./Drivers/STM32F1xx_HAL_Driver/Src/stm32f1xx_hal_tim.o
 .text.HAL_TIMEx_MasterConfigSynchronization
                0x08004de4       0xbc ./Drivers/STM32F1xx_HAL_Driver/Src/stm32f1xx_hal_tim_ex.o
                0x08004de4                HAL_TIMEx_MasterConfigSynchronization
 .text.HAL_TIMEx_ConfigBreakDeadTime
                0x08004ea0       0xa2 ./Drivers/STM32F1xx_HAL_Driver/Src/stm32f1xx_hal_tim_ex.o
                0x08004ea0                HAL_TIMEx_ConfigBreakDeadTime
 .text.HAL_UART_Init
                0x08004f42       0xa0 ./Drivers/STM32F1xx_HAL_Driver/Src/stm32f1xx_hal_uart.o
                0x08004f42                HAL_UART_Init
 .text.HAL_UART_Transmit
                0x08004fe2      0x116 ./Drivers/STM32F1xx_HAL_Driver/Src/stm32f1xx_hal_uart.o
                0x08004fe2                HAL_UART_Transmit
 .text.UART_WaitOnFlagUntilTimeout
                0x080050f8       0xb2 ./Drivers/STM32F1xx_HAL_Driver/Src/stm32f1xx_hal_uart.o
 .text.UART_EndRxTransfer
                0x080051aa       0xc4 ./Drivers/STM32F1xx_HAL_Driver/Src/stm32f1xx_hal_uart.o
 *fill*         0x0800526e        0x2 
 .text.UART_SetConfig
                0x08005270      0x11c ./Drivers/STM32F1xx_HAL_Driver/Src/stm32f1xx_hal_uart.o
 .text.__cvt    0x0800538c       0xc8 D:/SOFTWARE/en.st-stm32cubeide_1.18.1_24813_20250409_2138_x86_64.exe/STM32CubeIDE_1.18.1/STM32CubeIDE/plugins/com.st.stm32cube.ide.mcu.externaltools.gnu-tools-for-stm32.13.3.rel1.win32_1.0.0.202411081344/tools/bin/../lib/gcc/arm-none-eabi/13.3.1/../../../../arm-none-eabi/lib/thumb/v7-m/nofp\libc_nano.a(libc_a-nano-vfprintf_float.o)
                0x0800538c                __cvt
 .text.__exponent
                0x08005454       0x74 D:/SOFTWARE/en.st-stm32cubeide_1.18.1_24813_20250409_2138_x86_64.exe/STM32CubeIDE_1.18.1/STM32CubeIDE/plugins/com.st.stm32cube.ide.mcu.externaltools.gnu-tools-for-stm32.13.3.rel1.win32_1.0.0.202411081344/tools/bin/../lib/gcc/arm-none-eabi/13.3.1/../../../../arm-none-eabi/lib/thumb/v7-m/nofp\libc_nano.a(libc_a-nano-vfprintf_float.o)
                0x08005454                __exponent
 .text._printf_float
                0x080054c8      0x458 D:/SOFTWARE/en.st-stm32cubeide_1.18.1_24813_20250409_2138_x86_64.exe/STM32CubeIDE_1.18.1/STM32CubeIDE/plugins/com.st.stm32cube.ide.mcu.externaltools.gnu-tools-for-stm32.13.3.rel1.win32_1.0.0.202411081344/tools/bin/../lib/gcc/arm-none-eabi/13.3.1/../../../../arm-none-eabi/lib/thumb/v7-m/nofp\libc_nano.a(libc_a-nano-vfprintf_float.o)
                0x080054c8                _printf_float
 .text._printf_common
                0x08005920       0xe4 D:/SOFTWARE/en.st-stm32cubeide_1.18.1_24813_20250409_2138_x86_64.exe/STM32CubeIDE_1.18.1/STM32CubeIDE/plugins/com.st.stm32cube.ide.mcu.externaltools.gnu-tools-for-stm32.13.3.rel1.win32_1.0.0.202411081344/tools/bin/../lib/gcc/arm-none-eabi/13.3.1/../../../../arm-none-eabi/lib/thumb/v7-m/nofp\libc_nano.a(libc_a-nano-vfprintf_i.o)
                0x08005920                _printf_common
 .text._printf_i
                0x08005a04      0x23c D:/SOFTWARE/en.st-stm32cubeide_1.18.1_24813_20250409_2138_x86_64.exe/STM32CubeIDE_1.18.1/STM32CubeIDE/plugins/com.st.stm32cube.ide.mcu.externaltools.gnu-tools-for-stm32.13.3.rel1.win32_1.0.0.202411081344/tools/bin/../lib/gcc/arm-none-eabi/13.3.1/../../../../arm-none-eabi/lib/thumb/v7-m/nofp\libc_nano.a(libc_a-nano-vfprintf_i.o)
                0x08005a04                _printf_i
 .text.std      0x08005c40       0x6c D:/SOFTWARE/en.st-stm32cubeide_1.18.1_24813_20250409_2138_x86_64.exe/STM32CubeIDE_1.18.1/STM32CubeIDE/plugins/com.st.stm32cube.ide.mcu.externaltools.gnu-tools-for-stm32.13.3.rel1.win32_1.0.0.202411081344/tools/bin/../lib/gcc/arm-none-eabi/13.3.1/../../../../arm-none-eabi/lib/thumb/v7-m/nofp\libc_nano.a(libc_a-findfp.o)
 .text.stdio_exit_handler
                0x08005cac       0x18 D:/SOFTWARE/en.st-stm32cubeide_1.18.1_24813_20250409_2138_x86_64.exe/STM32CubeIDE_1.18.1/STM32CubeIDE/plugins/com.st.stm32cube.ide.mcu.externaltools.gnu-tools-for-stm32.13.3.rel1.win32_1.0.0.202411081344/tools/bin/../lib/gcc/arm-none-eabi/13.3.1/../../../../arm-none-eabi/lib/thumb/v7-m/nofp\libc_nano.a(libc_a-findfp.o)
 .text.cleanup_stdio
                0x08005cc4       0x40 D:/SOFTWARE/en.st-stm32cubeide_1.18.1_24813_20250409_2138_x86_64.exe/STM32CubeIDE_1.18.1/STM32CubeIDE/plugins/com.st.stm32cube.ide.mcu.externaltools.gnu-tools-for-stm32.13.3.rel1.win32_1.0.0.202411081344/tools/bin/../lib/gcc/arm-none-eabi/13.3.1/../../../../arm-none-eabi/lib/thumb/v7-m/nofp\libc_nano.a(libc_a-findfp.o)
 .text.global_stdio_init.part.0
                0x08005d04       0x3c D:/SOFTWARE/en.st-stm32cubeide_1.18.1_24813_20250409_2138_x86_64.exe/STM32CubeIDE_1.18.1/STM32CubeIDE/plugins/com.st.stm32cube.ide.mcu.externaltools.gnu-tools-for-stm32.13.3.rel1.win32_1.0.0.202411081344/tools/bin/../lib/gcc/arm-none-eabi/13.3.1/../../../../arm-none-eabi/lib/thumb/v7-m/nofp\libc_nano.a(libc_a-findfp.o)
 .text.__sfp_lock_acquire
                0x08005d40        0xc D:/SOFTWARE/en.st-stm32cubeide_1.18.1_24813_20250409_2138_x86_64.exe/STM32CubeIDE_1.18.1/STM32CubeIDE/plugins/com.st.stm32cube.ide.mcu.externaltools.gnu-tools-for-stm32.13.3.rel1.win32_1.0.0.202411081344/tools/bin/../lib/gcc/arm-none-eabi/13.3.1/../../../../arm-none-eabi/lib/thumb/v7-m/nofp\libc_nano.a(libc_a-findfp.o)
                0x08005d40                __sfp_lock_acquire
 .text.__sfp_lock_release
                0x08005d4c        0xc D:/SOFTWARE/en.st-stm32cubeide_1.18.1_24813_20250409_2138_x86_64.exe/STM32CubeIDE_1.18.1/STM32CubeIDE/plugins/com.st.stm32cube.ide.mcu.externaltools.gnu-tools-for-stm32.13.3.rel1.win32_1.0.0.202411081344/tools/bin/../lib/gcc/arm-none-eabi/13.3.1/../../../../arm-none-eabi/lib/thumb/v7-m/nofp\libc_nano.a(libc_a-findfp.o)
                0x08005d4c                __sfp_lock_release
 .text.__sinit  0x08005d58       0x30 D:/SOFTWARE/en.st-stm32cubeide_1.18.1_24813_20250409_2138_x86_64.exe/STM32CubeIDE_1.18.1/STM32CubeIDE/plugins/com.st.stm32cube.ide.mcu.externaltools.gnu-tools-for-stm32.13.3.rel1.win32_1.0.0.202411081344/tools/bin/../lib/gcc/arm-none-eabi/13.3.1/../../../../arm-none-eabi/lib/thumb/v7-m/nofp\libc_nano.a(libc_a-findfp.o)
                0x08005d58                __sinit
 .text._fwalk_sglue
                0x08005d88       0x3c D:/SOFTWARE/en.st-stm32cubeide_1.18.1_24813_20250409_2138_x86_64.exe/STM32CubeIDE_1.18.1/STM32CubeIDE/plugins/com.st.stm32cube.ide.mcu.externaltools.gnu-tools-for-stm32.13.3.rel1.win32_1.0.0.202411081344/tools/bin/../lib/gcc/arm-none-eabi/13.3.1/../../../../arm-none-eabi/lib/thumb/v7-m/nofp\libc_nano.a(libc_a-fwalk.o)
                0x08005d88                _fwalk_sglue
 .text.sprintf  0x08005dc4       0x44 D:/SOFTWARE/en.st-stm32cubeide_1.18.1_24813_20250409_2138_x86_64.exe/STM32CubeIDE_1.18.1/STM32CubeIDE/plugins/com.st.stm32cube.ide.mcu.externaltools.gnu-tools-for-stm32.13.3.rel1.win32_1.0.0.202411081344/tools/bin/../lib/gcc/arm-none-eabi/13.3.1/../../../../arm-none-eabi/lib/thumb/v7-m/nofp\libc_nano.a(libc_a-sprintf.o)
                0x08005dc4                siprintf
                0x08005dc4                sprintf
 .text.__sread  0x08005e08       0x22 D:/SOFTWARE/en.st-stm32cubeide_1.18.1_24813_20250409_2138_x86_64.exe/STM32CubeIDE_1.18.1/STM32CubeIDE/plugins/com.st.stm32cube.ide.mcu.externaltools.gnu-tools-for-stm32.13.3.rel1.win32_1.0.0.202411081344/tools/bin/../lib/gcc/arm-none-eabi/13.3.1/../../../../arm-none-eabi/lib/thumb/v7-m/nofp\libc_nano.a(libc_a-stdio.o)
                0x08005e08                __sread
 .text.__swrite
                0x08005e2a       0x38 D:/SOFTWARE/en.st-stm32cubeide_1.18.1_24813_20250409_2138_x86_64.exe/STM32CubeIDE_1.18.1/STM32CubeIDE/plugins/com.st.stm32cube.ide.mcu.externaltools.gnu-tools-for-stm32.13.3.rel1.win32_1.0.0.202411081344/tools/bin/../lib/gcc/arm-none-eabi/13.3.1/../../../../arm-none-eabi/lib/thumb/v7-m/nofp\libc_nano.a(libc_a-stdio.o)
                0x08005e2a                __swrite
 .text.__sseek  0x08005e62       0x24 D:/SOFTWARE/en.st-stm32cubeide_1.18.1_24813_20250409_2138_x86_64.exe/STM32CubeIDE_1.18.1/STM32CubeIDE/plugins/com.st.stm32cube.ide.mcu.externaltools.gnu-tools-for-stm32.13.3.rel1.win32_1.0.0.202411081344/tools/bin/../lib/gcc/arm-none-eabi/13.3.1/../../../../arm-none-eabi/lib/thumb/v7-m/nofp\libc_nano.a(libc_a-stdio.o)
                0x08005e62                __sseek
 .text.__sclose
                0x08005e86        0x8 D:/SOFTWARE/en.st-stm32cubeide_1.18.1_24813_20250409_2138_x86_64.exe/STM32CubeIDE_1.18.1/STM32CubeIDE/plugins/com.st.stm32cube.ide.mcu.externaltools.gnu-tools-for-stm32.13.3.rel1.win32_1.0.0.202411081344/tools/bin/../lib/gcc/arm-none-eabi/13.3.1/../../../../arm-none-eabi/lib/thumb/v7-m/nofp\libc_nano.a(libc_a-stdio.o)
                0x08005e86                __sclose
 .text.memset   0x08005e8e       0x10 D:/SOFTWARE/en.st-stm32cubeide_1.18.1_24813_20250409_2138_x86_64.exe/STM32CubeIDE_1.18.1/STM32CubeIDE/plugins/com.st.stm32cube.ide.mcu.externaltools.gnu-tools-for-stm32.13.3.rel1.win32_1.0.0.202411081344/tools/bin/../lib/gcc/arm-none-eabi/13.3.1/../../../../arm-none-eabi/lib/thumb/v7-m/nofp\libc_nano.a(libc_a-memset.o)
                0x08005e8e                memset
 *fill*         0x08005e9e        0x2 
 .text._localeconv_r
                0x08005ea0        0x8 D:/SOFTWARE/en.st-stm32cubeide_1.18.1_24813_20250409_2138_x86_64.exe/STM32CubeIDE_1.18.1/STM32CubeIDE/plugins/com.st.stm32cube.ide.mcu.externaltools.gnu-tools-for-stm32.13.3.rel1.win32_1.0.0.202411081344/tools/bin/../lib/gcc/arm-none-eabi/13.3.1/../../../../arm-none-eabi/lib/thumb/v7-m/nofp\libc_nano.a(libc_a-localeconv.o)
                0x08005ea0                _localeconv_r
 .text._close_r
                0x08005ea8       0x20 D:/SOFTWARE/en.st-stm32cubeide_1.18.1_24813_20250409_2138_x86_64.exe/STM32CubeIDE_1.18.1/STM32CubeIDE/plugins/com.st.stm32cube.ide.mcu.externaltools.gnu-tools-for-stm32.13.3.rel1.win32_1.0.0.202411081344/tools/bin/../lib/gcc/arm-none-eabi/13.3.1/../../../../arm-none-eabi/lib/thumb/v7-m/nofp\libc_nano.a(libc_a-closer.o)
                0x08005ea8                _close_r
 .text._lseek_r
                0x08005ec8       0x24 D:/SOFTWARE/en.st-stm32cubeide_1.18.1_24813_20250409_2138_x86_64.exe/STM32CubeIDE_1.18.1/STM32CubeIDE/plugins/com.st.stm32cube.ide.mcu.externaltools.gnu-tools-for-stm32.13.3.rel1.win32_1.0.0.202411081344/tools/bin/../lib/gcc/arm-none-eabi/13.3.1/../../../../arm-none-eabi/lib/thumb/v7-m/nofp\libc_nano.a(libc_a-lseekr.o)
                0x08005ec8                _lseek_r
 .text._read_r  0x08005eec       0x24 D:/SOFTWARE/en.st-stm32cubeide_1.18.1_24813_20250409_2138_x86_64.exe/STM32CubeIDE_1.18.1/STM32CubeIDE/plugins/com.st.stm32cube.ide.mcu.externaltools.gnu-tools-for-stm32.13.3.rel1.win32_1.0.0.202411081344/tools/bin/../lib/gcc/arm-none-eabi/13.3.1/../../../../arm-none-eabi/lib/thumb/v7-m/nofp\libc_nano.a(libc_a-readr.o)
                0x08005eec                _read_r
 .text._write_r
                0x08005f10       0x24 D:/SOFTWARE/en.st-stm32cubeide_1.18.1_24813_20250409_2138_x86_64.exe/STM32CubeIDE_1.18.1/STM32CubeIDE/plugins/com.st.stm32cube.ide.mcu.externaltools.gnu-tools-for-stm32.13.3.rel1.win32_1.0.0.202411081344/tools/bin/../lib/gcc/arm-none-eabi/13.3.1/../../../../arm-none-eabi/lib/thumb/v7-m/nofp\libc_nano.a(libc_a-writer.o)
                0x08005f10                _write_r
 .text.__errno  0x08005f34        0xc D:/SOFTWARE/en.st-stm32cubeide_1.18.1_24813_20250409_2138_x86_64.exe/STM32CubeIDE_1.18.1/STM32CubeIDE/plugins/com.st.stm32cube.ide.mcu.externaltools.gnu-tools-for-stm32.13.3.rel1.win32_1.0.0.202411081344/tools/bin/../lib/gcc/arm-none-eabi/13.3.1/../../../../arm-none-eabi/lib/thumb/v7-m/nofp\libc_nano.a(libc_a-errno.o)
                0x08005f34                __errno
 .text.__libc_init_array
                0x08005f40       0x48 D:/SOFTWARE/en.st-stm32cubeide_1.18.1_24813_20250409_2138_x86_64.exe/STM32CubeIDE_1.18.1/STM32CubeIDE/plugins/com.st.stm32cube.ide.mcu.externaltools.gnu-tools-for-stm32.13.3.rel1.win32_1.0.0.202411081344/tools/bin/../lib/gcc/arm-none-eabi/13.3.1/../../../../arm-none-eabi/lib/thumb/v7-m/nofp\libc_nano.a(libc_a-init.o)
                0x08005f40                __libc_init_array
 .text.__retarget_lock_init_recursive
                0x08005f88        0x2 D:/SOFTWARE/en.st-stm32cubeide_1.18.1_24813_20250409_2138_x86_64.exe/STM32CubeIDE_1.18.1/STM32CubeIDE/plugins/com.st.stm32cube.ide.mcu.externaltools.gnu-tools-for-stm32.13.3.rel1.win32_1.0.0.202411081344/tools/bin/../lib/gcc/arm-none-eabi/13.3.1/../../../../arm-none-eabi/lib/thumb/v7-m/nofp\libc_nano.a(libc_a-lock.o)
                0x08005f88                __retarget_lock_init_recursive
 .text.__retarget_lock_acquire_recursive
                0x08005f8a        0x2 D:/SOFTWARE/en.st-stm32cubeide_1.18.1_24813_20250409_2138_x86_64.exe/STM32CubeIDE_1.18.1/STM32CubeIDE/plugins/com.st.stm32cube.ide.mcu.externaltools.gnu-tools-for-stm32.13.3.rel1.win32_1.0.0.202411081344/tools/bin/../lib/gcc/arm-none-eabi/13.3.1/../../../../arm-none-eabi/lib/thumb/v7-m/nofp\libc_nano.a(libc_a-lock.o)
                0x08005f8a                __retarget_lock_acquire_recursive
 .text.__retarget_lock_release_recursive
                0x08005f8c        0x2 D:/SOFTWARE/en.st-stm32cubeide_1.18.1_24813_20250409_2138_x86_64.exe/STM32CubeIDE_1.18.1/STM32CubeIDE/plugins/com.st.stm32cube.ide.mcu.externaltools.gnu-tools-for-stm32.13.3.rel1.win32_1.0.0.202411081344/tools/bin/../lib/gcc/arm-none-eabi/13.3.1/../../../../arm-none-eabi/lib/thumb/v7-m/nofp\libc_nano.a(libc_a-lock.o)
                0x08005f8c                __retarget_lock_release_recursive
 .text.memchr   0x08005f8e       0x1c D:/SOFTWARE/en.st-stm32cubeide_1.18.1_24813_20250409_2138_x86_64.exe/STM32CubeIDE_1.18.1/STM32CubeIDE/plugins/com.st.stm32cube.ide.mcu.externaltools.gnu-tools-for-stm32.13.3.rel1.win32_1.0.0.202411081344/tools/bin/../lib/gcc/arm-none-eabi/13.3.1/../../../../arm-none-eabi/lib/thumb/v7-m/nofp\libc_nano.a(libc_a-memchr-stub.o)
                0x08005f8e                memchr
 .text.quorem   0x08005faa      0x110 D:/SOFTWARE/en.st-stm32cubeide_1.18.1_24813_20250409_2138_x86_64.exe/STM32CubeIDE_1.18.1/STM32CubeIDE/plugins/com.st.stm32cube.ide.mcu.externaltools.gnu-tools-for-stm32.13.3.rel1.win32_1.0.0.202411081344/tools/bin/../lib/gcc/arm-none-eabi/13.3.1/../../../../arm-none-eabi/lib/thumb/v7-m/nofp\libc_nano.a(libc_a-dtoa.o)
 *fill*         0x080060ba        0x6 
 .text._dtoa_r  0x080060c0      0xba8 D:/SOFTWARE/en.st-stm32cubeide_1.18.1_24813_20250409_2138_x86_64.exe/STM32CubeIDE_1.18.1/STM32CubeIDE/plugins/com.st.stm32cube.ide.mcu.externaltools.gnu-tools-for-stm32.13.3.rel1.win32_1.0.0.202411081344/tools/bin/../lib/gcc/arm-none-eabi/13.3.1/../../../../arm-none-eabi/lib/thumb/v7-m/nofp\libc_nano.a(libc_a-dtoa.o)
                0x080060c0                _dtoa_r
 .text._free_r  0x08006c68       0x90 D:/SOFTWARE/en.st-stm32cubeide_1.18.1_24813_20250409_2138_x86_64.exe/STM32CubeIDE_1.18.1/STM32CubeIDE/plugins/com.st.stm32cube.ide.mcu.externaltools.gnu-tools-for-stm32.13.3.rel1.win32_1.0.0.202411081344/tools/bin/../lib/gcc/arm-none-eabi/13.3.1/../../../../arm-none-eabi/lib/thumb/v7-m/nofp\libc_nano.a(libc_a-freer.o)
                0x08006c68                _free_r
 .text.malloc   0x08006cf8       0x10 D:/SOFTWARE/en.st-stm32cubeide_1.18.1_24813_20250409_2138_x86_64.exe/STM32CubeIDE_1.18.1/STM32CubeIDE/plugins/com.st.stm32cube.ide.mcu.externaltools.gnu-tools-for-stm32.13.3.rel1.win32_1.0.0.202411081344/tools/bin/../lib/gcc/arm-none-eabi/13.3.1/../../../../arm-none-eabi/lib/thumb/v7-m/nofp\libc_nano.a(libc_a-malloc.o)
                0x08006cf8                malloc
 .text.sbrk_aligned
                0x08006d08       0x44 D:/SOFTWARE/en.st-stm32cubeide_1.18.1_24813_20250409_2138_x86_64.exe/STM32CubeIDE_1.18.1/STM32CubeIDE/plugins/com.st.stm32cube.ide.mcu.externaltools.gnu-tools-for-stm32.13.3.rel1.win32_1.0.0.202411081344/tools/bin/../lib/gcc/arm-none-eabi/13.3.1/../../../../arm-none-eabi/lib/thumb/v7-m/nofp\libc_nano.a(libc_a-mallocr.o)
 .text._malloc_r
                0x08006d4c      0x100 D:/SOFTWARE/en.st-stm32cubeide_1.18.1_24813_20250409_2138_x86_64.exe/STM32CubeIDE_1.18.1/STM32CubeIDE/plugins/com.st.stm32cube.ide.mcu.externaltools.gnu-tools-for-stm32.13.3.rel1.win32_1.0.0.202411081344/tools/bin/../lib/gcc/arm-none-eabi/13.3.1/../../../../arm-none-eabi/lib/thumb/v7-m/nofp\libc_nano.a(libc_a-mallocr.o)
                0x08006d4c                _malloc_r
 .text.__malloc_lock
                0x08006e4c        0xc D:/SOFTWARE/en.st-stm32cubeide_1.18.1_24813_20250409_2138_x86_64.exe/STM32CubeIDE_1.18.1/STM32CubeIDE/plugins/com.st.stm32cube.ide.mcu.externaltools.gnu-tools-for-stm32.13.3.rel1.win32_1.0.0.202411081344/tools/bin/../lib/gcc/arm-none-eabi/13.3.1/../../../../arm-none-eabi/lib/thumb/v7-m/nofp\libc_nano.a(libc_a-mlock.o)
                0x08006e4c                __malloc_lock
 .text.__malloc_unlock
                0x08006e58        0xc D:/SOFTWARE/en.st-stm32cubeide_1.18.1_24813_20250409_2138_x86_64.exe/STM32CubeIDE_1.18.1/STM32CubeIDE/plugins/com.st.stm32cube.ide.mcu.externaltools.gnu-tools-for-stm32.13.3.rel1.win32_1.0.0.202411081344/tools/bin/../lib/gcc/arm-none-eabi/13.3.1/../../../../arm-none-eabi/lib/thumb/v7-m/nofp\libc_nano.a(libc_a-mlock.o)
                0x08006e58                __malloc_unlock
 .text._Balloc  0x08006e64       0x80 D:/SOFTWARE/en.st-stm32cubeide_1.18.1_24813_20250409_2138_x86_64.exe/STM32CubeIDE_1.18.1/STM32CubeIDE/plugins/com.st.stm32cube.ide.mcu.externaltools.gnu-tools-for-stm32.13.3.rel1.win32_1.0.0.202411081344/tools/bin/../lib/gcc/arm-none-eabi/13.3.1/../../../../arm-none-eabi/lib/thumb/v7-m/nofp\libc_nano.a(libc_a-mprec.o)
                0x08006e64                _Balloc
 .text._Bfree   0x08006ee4       0x44 D:/SOFTWARE/en.st-stm32cubeide_1.18.1_24813_20250409_2138_x86_64.exe/STM32CubeIDE_1.18.1/STM32CubeIDE/plugins/com.st.stm32cube.ide.mcu.externaltools.gnu-tools-for-stm32.13.3.rel1.win32_1.0.0.202411081344/tools/bin/../lib/gcc/arm-none-eabi/13.3.1/../../../../arm-none-eabi/lib/thumb/v7-m/nofp\libc_nano.a(libc_a-mprec.o)
                0x08006ee4                _Bfree
 .text.__multadd
                0x08006f28       0x8c D:/SOFTWARE/en.st-stm32cubeide_1.18.1_24813_20250409_2138_x86_64.exe/STM32CubeIDE_1.18.1/STM32CubeIDE/plugins/com.st.stm32cube.ide.mcu.externaltools.gnu-tools-for-stm32.13.3.rel1.win32_1.0.0.202411081344/tools/bin/../lib/gcc/arm-none-eabi/13.3.1/../../../../arm-none-eabi/lib/thumb/v7-m/nofp\libc_nano.a(libc_a-mprec.o)
                0x08006f28                __multadd
 .text.__hi0bits
                0x08006fb4       0x3e D:/SOFTWARE/en.st-stm32cubeide_1.18.1_24813_20250409_2138_x86_64.exe/STM32CubeIDE_1.18.1/STM32CubeIDE/plugins/com.st.stm32cube.ide.mcu.externaltools.gnu-tools-for-stm32.13.3.rel1.win32_1.0.0.202411081344/tools/bin/../lib/gcc/arm-none-eabi/13.3.1/../../../../arm-none-eabi/lib/thumb/v7-m/nofp\libc_nano.a(libc_a-mprec.o)
                0x08006fb4                __hi0bits
 .text.__lo0bits
                0x08006ff2       0x5a D:/SOFTWARE/en.st-stm32cubeide_1.18.1_24813_20250409_2138_x86_64.exe/STM32CubeIDE_1.18.1/STM32CubeIDE/plugins/com.st.stm32cube.ide.mcu.externaltools.gnu-tools-for-stm32.13.3.rel1.win32_1.0.0.202411081344/tools/bin/../lib/gcc/arm-none-eabi/13.3.1/../../../../arm-none-eabi/lib/thumb/v7-m/nofp\libc_nano.a(libc_a-mprec.o)
                0x08006ff2                __lo0bits
 .text.__i2b    0x0800704c       0x2c D:/SOFTWARE/en.st-stm32cubeide_1.18.1_24813_20250409_2138_x86_64.exe/STM32CubeIDE_1.18.1/STM32CubeIDE/plugins/com.st.stm32cube.ide.mcu.externaltools.gnu-tools-for-stm32.13.3.rel1.win32_1.0.0.202411081344/tools/bin/../lib/gcc/arm-none-eabi/13.3.1/../../../../arm-none-eabi/lib/thumb/v7-m/nofp\libc_nano.a(libc_a-mprec.o)
                0x0800704c                __i2b
 .text.__multiply
                0x08007078      0x144 D:/SOFTWARE/en.st-stm32cubeide_1.18.1_24813_20250409_2138_x86_64.exe/STM32CubeIDE_1.18.1/STM32CubeIDE/plugins/com.st.stm32cube.ide.mcu.externaltools.gnu-tools-for-stm32.13.3.rel1.win32_1.0.0.202411081344/tools/bin/../lib/gcc/arm-none-eabi/13.3.1/../../../../arm-none-eabi/lib/thumb/v7-m/nofp\libc_nano.a(libc_a-mprec.o)
                0x08007078                __multiply
 .text.__pow5mult
                0x080071bc       0xb4 D:/SOFTWARE/en.st-stm32cubeide_1.18.1_24813_20250409_2138_x86_64.exe/STM32CubeIDE_1.18.1/STM32CubeIDE/plugins/com.st.stm32cube.ide.mcu.externaltools.gnu-tools-for-stm32.13.3.rel1.win32_1.0.0.202411081344/tools/bin/../lib/gcc/arm-none-eabi/13.3.1/../../../../arm-none-eabi/lib/thumb/v7-m/nofp\libc_nano.a(libc_a-mprec.o)
                0x080071bc                __pow5mult
 .text.__lshift
                0x08007270       0xd8 D:/SOFTWARE/en.st-stm32cubeide_1.18.1_24813_20250409_2138_x86_64.exe/STM32CubeIDE_1.18.1/STM32CubeIDE/plugins/com.st.stm32cube.ide.mcu.externaltools.gnu-tools-for-stm32.13.3.rel1.win32_1.0.0.202411081344/tools/bin/../lib/gcc/arm-none-eabi/13.3.1/../../../../arm-none-eabi/lib/thumb/v7-m/nofp\libc_nano.a(libc_a-mprec.o)
                0x08007270                __lshift
 .text.__mcmp   0x08007348       0x36 D:/SOFTWARE/en.st-stm32cubeide_1.18.1_24813_20250409_2138_x86_64.exe/STM32CubeIDE_1.18.1/STM32CubeIDE/plugins/com.st.stm32cube.ide.mcu.externaltools.gnu-tools-for-stm32.13.3.rel1.win32_1.0.0.202411081344/tools/bin/../lib/gcc/arm-none-eabi/13.3.1/../../../../arm-none-eabi/lib/thumb/v7-m/nofp\libc_nano.a(libc_a-mprec.o)
                0x08007348                __mcmp
 *fill*         0x0800737e        0x2 
 .text.__mdiff  0x08007380      0x128 D:/SOFTWARE/en.st-stm32cubeide_1.18.1_24813_20250409_2138_x86_64.exe/STM32CubeIDE_1.18.1/STM32CubeIDE/plugins/com.st.stm32cube.ide.mcu.externaltools.gnu-tools-for-stm32.13.3.rel1.win32_1.0.0.202411081344/tools/bin/../lib/gcc/arm-none-eabi/13.3.1/../../../../arm-none-eabi/lib/thumb/v7-m/nofp\libc_nano.a(libc_a-mprec.o)
                0x08007380                __mdiff
 .text.__d2b    0x080074a8       0xb0 D:/SOFTWARE/en.st-stm32cubeide_1.18.1_24813_20250409_2138_x86_64.exe/STM32CubeIDE_1.18.1/STM32CubeIDE/plugins/com.st.stm32cube.ide.mcu.externaltools.gnu-tools-for-stm32.13.3.rel1.win32_1.0.0.202411081344/tools/bin/../lib/gcc/arm-none-eabi/13.3.1/../../../../arm-none-eabi/lib/thumb/v7-m/nofp\libc_nano.a(libc_a-mprec.o)
                0x080074a8                __d2b
 .text.__ssputs_r
                0x08007558       0xb6 D:/SOFTWARE/en.st-stm32cubeide_1.18.1_24813_20250409_2138_x86_64.exe/STM32CubeIDE_1.18.1/STM32CubeIDE/plugins/com.st.stm32cube.ide.mcu.externaltools.gnu-tools-for-stm32.13.3.rel1.win32_1.0.0.202411081344/tools/bin/../lib/gcc/arm-none-eabi/13.3.1/../../../../arm-none-eabi/lib/thumb/v7-m/nofp\libc_nano.a(libc_a-nano-svfprintf.o)
                0x08007558                __ssputs_r
 *fill*         0x0800760e        0x2 
 .text._svfprintf_r
                0x08007610      0x1f8 D:/SOFTWARE/en.st-stm32cubeide_1.18.1_24813_20250409_2138_x86_64.exe/STM32CubeIDE_1.18.1/STM32CubeIDE/plugins/com.st.stm32cube.ide.mcu.externaltools.gnu-tools-for-stm32.13.3.rel1.win32_1.0.0.202411081344/tools/bin/../lib/gcc/arm-none-eabi/13.3.1/../../../../arm-none-eabi/lib/thumb/v7-m/nofp\libc_nano.a(libc_a-nano-svfprintf.o)
                0x08007610                _svfiprintf_r
                0x08007610                _svfprintf_r
 .text.__sflush_r
                0x08007808      0x100 D:/SOFTWARE/en.st-stm32cubeide_1.18.1_24813_20250409_2138_x86_64.exe/STM32CubeIDE_1.18.1/STM32CubeIDE/plugins/com.st.stm32cube.ide.mcu.externaltools.gnu-tools-for-stm32.13.3.rel1.win32_1.0.0.202411081344/tools/bin/../lib/gcc/arm-none-eabi/13.3.1/../../../../arm-none-eabi/lib/thumb/v7-m/nofp\libc_nano.a(libc_a-fflush.o)
                0x08007808                __sflush_r
 .text._fflush_r
                0x08007908       0x50 D:/SOFTWARE/en.st-stm32cubeide_1.18.1_24813_20250409_2138_x86_64.exe/STM32CubeIDE_1.18.1/STM32CubeIDE/plugins/com.st.stm32cube.ide.mcu.externaltools.gnu-tools-for-stm32.13.3.rel1.win32_1.0.0.202411081344/tools/bin/../lib/gcc/arm-none-eabi/13.3.1/../../../../arm-none-eabi/lib/thumb/v7-m/nofp\libc_nano.a(libc_a-fflush.o)
                0x08007908                _fflush_r
 .text.memmove  0x08007958       0x34 D:/SOFTWARE/en.st-stm32cubeide_1.18.1_24813_20250409_2138_x86_64.exe/STM32CubeIDE_1.18.1/STM32CubeIDE/plugins/com.st.stm32cube.ide.mcu.externaltools.gnu-tools-for-stm32.13.3.rel1.win32_1.0.0.202411081344/tools/bin/../lib/gcc/arm-none-eabi/13.3.1/../../../../arm-none-eabi/lib/thumb/v7-m/nofp\libc_nano.a(libc_a-memmove.o)
                0x08007958                memmove
 .text._sbrk_r  0x0800798c       0x20 D:/SOFTWARE/en.st-stm32cubeide_1.18.1_24813_20250409_2138_x86_64.exe/STM32CubeIDE_1.18.1/STM32CubeIDE/plugins/com.st.stm32cube.ide.mcu.externaltools.gnu-tools-for-stm32.13.3.rel1.win32_1.0.0.202411081344/tools/bin/../lib/gcc/arm-none-eabi/13.3.1/../../../../arm-none-eabi/lib/thumb/v7-m/nofp\libc_nano.a(libc_a-sbrkr.o)
                0x0800798c                _sbrk_r
 .text.memcpy   0x080079ac       0x1c D:/SOFTWARE/en.st-stm32cubeide_1.18.1_24813_20250409_2138_x86_64.exe/STM32CubeIDE_1.18.1/STM32CubeIDE/plugins/com.st.stm32cube.ide.mcu.externaltools.gnu-tools-for-stm32.13.3.rel1.win32_1.0.0.202411081344/tools/bin/../lib/gcc/arm-none-eabi/13.3.1/../../../../arm-none-eabi/lib/thumb/v7-m/nofp\libc_nano.a(libc_a-memcpy-stub.o)
                0x080079ac                memcpy
 .text.__assert_func
                0x080079c8       0x3c D:/SOFTWARE/en.st-stm32cubeide_1.18.1_24813_20250409_2138_x86_64.exe/STM32CubeIDE_1.18.1/STM32CubeIDE/plugins/com.st.stm32cube.ide.mcu.externaltools.gnu-tools-for-stm32.13.3.rel1.win32_1.0.0.202411081344/tools/bin/../lib/gcc/arm-none-eabi/13.3.1/../../../../arm-none-eabi/lib/thumb/v7-m/nofp\libc_nano.a(libc_a-assert.o)
                0x080079c8                __assert_func
 .text._calloc_r
                0x08007a04       0x28 D:/SOFTWARE/en.st-stm32cubeide_1.18.1_24813_20250409_2138_x86_64.exe/STM32CubeIDE_1.18.1/STM32CubeIDE/plugins/com.st.stm32cube.ide.mcu.externaltools.gnu-tools-for-stm32.13.3.rel1.win32_1.0.0.202411081344/tools/bin/../lib/gcc/arm-none-eabi/13.3.1/../../../../arm-none-eabi/lib/thumb/v7-m/nofp\libc_nano.a(libc_a-callocr.o)
                0x08007a04                _calloc_r
 .text.__ascii_mbtowc
                0x08007a2c       0x24 D:/SOFTWARE/en.st-stm32cubeide_1.18.1_24813_20250409_2138_x86_64.exe/STM32CubeIDE_1.18.1/STM32CubeIDE/plugins/com.st.stm32cube.ide.mcu.externaltools.gnu-tools-for-stm32.13.3.rel1.win32_1.0.0.202411081344/tools/bin/../lib/gcc/arm-none-eabi/13.3.1/../../../../arm-none-eabi/lib/thumb/v7-m/nofp\libc_nano.a(libc_a-mbtowc_r.o)
                0x08007a2c                __ascii_mbtowc
 .text._realloc_r
                0x08007a50       0x5c D:/SOFTWARE/en.st-stm32cubeide_1.18.1_24813_20250409_2138_x86_64.exe/STM32CubeIDE_1.18.1/STM32CubeIDE/plugins/com.st.stm32cube.ide.mcu.externaltools.gnu-tools-for-stm32.13.3.rel1.win32_1.0.0.202411081344/tools/bin/../lib/gcc/arm-none-eabi/13.3.1/../../../../arm-none-eabi/lib/thumb/v7-m/nofp\libc_nano.a(libc_a-reallocr.o)
                0x08007a50                _realloc_r
 .text.__ascii_wctomb
                0x08007aac       0x1a D:/SOFTWARE/en.st-stm32cubeide_1.18.1_24813_20250409_2138_x86_64.exe/STM32CubeIDE_1.18.1/STM32CubeIDE/plugins/com.st.stm32cube.ide.mcu.externaltools.gnu-tools-for-stm32.13.3.rel1.win32_1.0.0.202411081344/tools/bin/../lib/gcc/arm-none-eabi/13.3.1/../../../../arm-none-eabi/lib/thumb/v7-m/nofp\libc_nano.a(libc_a-wctomb_r.o)
                0x08007aac                __ascii_wctomb
 *fill*         0x08007ac6        0x2 
 .text.fprintf  0x08007ac8       0x24 D:/SOFTWARE/en.st-stm32cubeide_1.18.1_24813_20250409_2138_x86_64.exe/STM32CubeIDE_1.18.1/STM32CubeIDE/plugins/com.st.stm32cube.ide.mcu.externaltools.gnu-tools-for-stm32.13.3.rel1.win32_1.0.0.202411081344/tools/bin/../lib/gcc/arm-none-eabi/13.3.1/../../../../arm-none-eabi/lib/thumb/v7-m/nofp\libc_nano.a(libc_a-fprintf.o)
                0x08007ac8                fiprintf
                0x08007ac8                fprintf
 .text.abort    0x08007aec        0xe D:/SOFTWARE/en.st-stm32cubeide_1.18.1_24813_20250409_2138_x86_64.exe/STM32CubeIDE_1.18.1/STM32CubeIDE/plugins/com.st.stm32cube.ide.mcu.externaltools.gnu-tools-for-stm32.13.3.rel1.win32_1.0.0.202411081344/tools/bin/../lib/gcc/arm-none-eabi/13.3.1/../../../../arm-none-eabi/lib/thumb/v7-m/nofp\libc_nano.a(libc_a-abort.o)
                0x08007aec                abort
 .text._malloc_usable_size_r
                0x08007afa       0x10 D:/SOFTWARE/en.st-stm32cubeide_1.18.1_24813_20250409_2138_x86_64.exe/STM32CubeIDE_1.18.1/STM32CubeIDE/plugins/com.st.stm32cube.ide.mcu.externaltools.gnu-tools-for-stm32.13.3.rel1.win32_1.0.0.202411081344/tools/bin/../lib/gcc/arm-none-eabi/13.3.1/../../../../arm-none-eabi/lib/thumb/v7-m/nofp\libc_nano.a(libc_a-msizer.o)
                0x08007afa                _malloc_usable_size_r
 .text.__sfputc_r
                0x08007b0a       0x2a D:/SOFTWARE/en.st-stm32cubeide_1.18.1_24813_20250409_2138_x86_64.exe/STM32CubeIDE_1.18.1/STM32CubeIDE/plugins/com.st.stm32cube.ide.mcu.externaltools.gnu-tools-for-stm32.13.3.rel1.win32_1.0.0.202411081344/tools/bin/../lib/gcc/arm-none-eabi/13.3.1/../../../../arm-none-eabi/lib/thumb/v7-m/nofp\libc_nano.a(libc_a-nano-vfprintf.o)
 .text.__sfputs_r
                0x08007b34       0x24 D:/SOFTWARE/en.st-stm32cubeide_1.18.1_24813_20250409_2138_x86_64.exe/STM32CubeIDE_1.18.1/STM32CubeIDE/plugins/com.st.stm32cube.ide.mcu.externaltools.gnu-tools-for-stm32.13.3.rel1.win32_1.0.0.202411081344/tools/bin/../lib/gcc/arm-none-eabi/13.3.1/../../../../arm-none-eabi/lib/thumb/v7-m/nofp\libc_nano.a(libc_a-nano-vfprintf.o)
                0x08007b34                __sfputs_r
 .text._vfprintf_r
                0x08007b58      0x230 D:/SOFTWARE/en.st-stm32cubeide_1.18.1_24813_20250409_2138_x86_64.exe/STM32CubeIDE_1.18.1/STM32CubeIDE/plugins/com.st.stm32cube.ide.mcu.externaltools.gnu-tools-for-stm32.13.3.rel1.win32_1.0.0.202411081344/tools/bin/../lib/gcc/arm-none-eabi/13.3.1/../../../../arm-none-eabi/lib/thumb/v7-m/nofp\libc_nano.a(libc_a-nano-vfprintf.o)
                0x08007b58                _vfprintf_r
                0x08007b58                _vfiprintf_r
 .text.__swbuf_r
                0x08007d88       0x7c D:/SOFTWARE/en.st-stm32cubeide_1.18.1_24813_20250409_2138_x86_64.exe/STM32CubeIDE_1.18.1/STM32CubeIDE/plugins/com.st.stm32cube.ide.mcu.externaltools.gnu-tools-for-stm32.13.3.rel1.win32_1.0.0.202411081344/tools/bin/../lib/gcc/arm-none-eabi/13.3.1/../../../../arm-none-eabi/lib/thumb/v7-m/nofp\libc_nano.a(libc_a-wbuf.o)
                0x08007d88                __swbuf_r
 .text.__swsetup_r
                0x08007e04       0xac D:/SOFTWARE/en.st-stm32cubeide_1.18.1_24813_20250409_2138_x86_64.exe/STM32CubeIDE_1.18.1/STM32CubeIDE/plugins/com.st.stm32cube.ide.mcu.externaltools.gnu-tools-for-stm32.13.3.rel1.win32_1.0.0.202411081344/tools/bin/../lib/gcc/arm-none-eabi/13.3.1/../../../../arm-none-eabi/lib/thumb/v7-m/nofp\libc_nano.a(libc_a-wsetup.o)
                0x08007e04                __swsetup_r
 .text._raise_r
                0x08007eb0       0x50 D:/SOFTWARE/en.st-stm32cubeide_1.18.1_24813_20250409_2138_x86_64.exe/STM32CubeIDE_1.18.1/STM32CubeIDE/plugins/com.st.stm32cube.ide.mcu.externaltools.gnu-tools-for-stm32.13.3.rel1.win32_1.0.0.202411081344/tools/bin/../lib/gcc/arm-none-eabi/13.3.1/../../../../arm-none-eabi/lib/thumb/v7-m/nofp\libc_nano.a(libc_a-signal.o)
                0x08007eb0                _raise_r
 .text.raise    0x08007f00       0x10 D:/SOFTWARE/en.st-stm32cubeide_1.18.1_24813_20250409_2138_x86_64.exe/STM32CubeIDE_1.18.1/STM32CubeIDE/plugins/com.st.stm32cube.ide.mcu.externaltools.gnu-tools-for-stm32.13.3.rel1.win32_1.0.0.202411081344/tools/bin/../lib/gcc/arm-none-eabi/13.3.1/../../../../arm-none-eabi/lib/thumb/v7-m/nofp\libc_nano.a(libc_a-signal.o)
                0x08007f00                raise
 .text._kill_r  0x08007f10       0x24 D:/SOFTWARE/en.st-stm32cubeide_1.18.1_24813_20250409_2138_x86_64.exe/STM32CubeIDE_1.18.1/STM32CubeIDE/plugins/com.st.stm32cube.ide.mcu.externaltools.gnu-tools-for-stm32.13.3.rel1.win32_1.0.0.202411081344/tools/bin/../lib/gcc/arm-none-eabi/13.3.1/../../../../arm-none-eabi/lib/thumb/v7-m/nofp\libc_nano.a(libc_a-signalr.o)
                0x08007f10                _kill_r
 .text._getpid_r
                0x08007f34        0x4 D:/SOFTWARE/en.st-stm32cubeide_1.18.1_24813_20250409_2138_x86_64.exe/STM32CubeIDE_1.18.1/STM32CubeIDE/plugins/com.st.stm32cube.ide.mcu.externaltools.gnu-tools-for-stm32.13.3.rel1.win32_1.0.0.202411081344/tools/bin/../lib/gcc/arm-none-eabi/13.3.1/../../../../arm-none-eabi/lib/thumb/v7-m/nofp\libc_nano.a(libc_a-signalr.o)
                0x08007f34                _getpid_r
 .text.__swhatbuf_r
                0x08007f38       0x4a D:/SOFTWARE/en.st-stm32cubeide_1.18.1_24813_20250409_2138_x86_64.exe/STM32CubeIDE_1.18.1/STM32CubeIDE/plugins/com.st.stm32cube.ide.mcu.externaltools.gnu-tools-for-stm32.13.3.rel1.win32_1.0.0.202411081344/tools/bin/../lib/gcc/arm-none-eabi/13.3.1/../../../../arm-none-eabi/lib/thumb/v7-m/nofp\libc_nano.a(libc_a-makebuf.o)
                0x08007f38                __swhatbuf_r
 .text.__smakebuf_r
                0x08007f82       0x78 D:/SOFTWARE/en.st-stm32cubeide_1.18.1_24813_20250409_2138_x86_64.exe/STM32CubeIDE_1.18.1/STM32CubeIDE/plugins/com.st.stm32cube.ide.mcu.externaltools.gnu-tools-for-stm32.13.3.rel1.win32_1.0.0.202411081344/tools/bin/../lib/gcc/arm-none-eabi/13.3.1/../../../../arm-none-eabi/lib/thumb/v7-m/nofp\libc_nano.a(libc_a-makebuf.o)
                0x08007f82                __smakebuf_r
 *fill*         0x08007ffa        0x2 
 .text._fstat_r
                0x08007ffc       0x24 D:/SOFTWARE/en.st-stm32cubeide_1.18.1_24813_20250409_2138_x86_64.exe/STM32CubeIDE_1.18.1/STM32CubeIDE/plugins/com.st.stm32cube.ide.mcu.externaltools.gnu-tools-for-stm32.13.3.rel1.win32_1.0.0.202411081344/tools/bin/../lib/gcc/arm-none-eabi/13.3.1/../../../../arm-none-eabi/lib/thumb/v7-m/nofp\libc_nano.a(libc_a-fstatr.o)
                0x08007ffc                _fstat_r
 .text._isatty_r
                0x08008020       0x20 D:/SOFTWARE/en.st-stm32cubeide_1.18.1_24813_20250409_2138_x86_64.exe/STM32CubeIDE_1.18.1/STM32CubeIDE/plugins/com.st.stm32cube.ide.mcu.externaltools.gnu-tools-for-stm32.13.3.rel1.win32_1.0.0.202411081344/tools/bin/../lib/gcc/arm-none-eabi/13.3.1/../../../../arm-none-eabi/lib/thumb/v7-m/nofp\libc_nano.a(libc_a-isattyr.o)
                0x08008020                _isatty_r
 *(.glue_7)
 .glue_7        0x08008040        0x0 linker stubs
 *(.glue_7t)
 .glue_7t       0x08008040        0x0 linker stubs
 *(.eh_frame)
 .eh_frame      0x08008040        0x0 D:/SOFTWARE/en.st-stm32cubeide_1.18.1_24813_20250409_2138_x86_64.exe/STM32CubeIDE_1.18.1/STM32CubeIDE/plugins/com.st.stm32cube.ide.mcu.externaltools.gnu-tools-for-stm32.13.3.rel1.win32_1.0.0.202411081344/tools/bin/../lib/gcc/arm-none-eabi/13.3.1/thumb/v7-m/nofp/crtbegin.o
 *(.init)
 .init          0x08008040        0x4 D:/SOFTWARE/en.st-stm32cubeide_1.18.1_24813_20250409_2138_x86_64.exe/STM32CubeIDE_1.18.1/STM32CubeIDE/plugins/com.st.stm32cube.ide.mcu.externaltools.gnu-tools-for-stm32.13.3.rel1.win32_1.0.0.202411081344/tools/bin/../lib/gcc/arm-none-eabi/13.3.1/thumb/v7-m/nofp/crti.o
                0x08008040                _init
 .init          0x08008044        0x8 D:/SOFTWARE/en.st-stm32cubeide_1.18.1_24813_20250409_2138_x86_64.exe/STM32CubeIDE_1.18.1/STM32CubeIDE/plugins/com.st.stm32cube.ide.mcu.externaltools.gnu-tools-for-stm32.13.3.rel1.win32_1.0.0.202411081344/tools/bin/../lib/gcc/arm-none-eabi/13.3.1/thumb/v7-m/nofp/crtn.o
 *(.fini)
 .fini          0x0800804c        0x4 D:/SOFTWARE/en.st-stm32cubeide_1.18.1_24813_20250409_2138_x86_64.exe/STM32CubeIDE_1.18.1/STM32CubeIDE/plugins/com.st.stm32cube.ide.mcu.externaltools.gnu-tools-for-stm32.13.3.rel1.win32_1.0.0.202411081344/tools/bin/../lib/gcc/arm-none-eabi/13.3.1/thumb/v7-m/nofp/crti.o
                0x0800804c                _fini
 .fini          0x08008050        0x8 D:/SOFTWARE/en.st-stm32cubeide_1.18.1_24813_20250409_2138_x86_64.exe/STM32CubeIDE_1.18.1/STM32CubeIDE/plugins/com.st.stm32cube.ide.mcu.externaltools.gnu-tools-for-stm32.13.3.rel1.win32_1.0.0.202411081344/tools/bin/../lib/gcc/arm-none-eabi/13.3.1/thumb/v7-m/nofp/crtn.o
                0x08008058                        . = ALIGN (0x4)
                0x08008058                        _etext = .

.vfp11_veneer   0x08008058        0x0
 .vfp11_veneer  0x08008058        0x0 linker stubs

.v4_bx          0x08008058        0x0
 .v4_bx         0x08008058        0x0 linker stubs

.iplt           0x08008058        0x0
 .iplt          0x08008058        0x0 D:/SOFTWARE/en.st-stm32cubeide_1.18.1_24813_20250409_2138_x86_64.exe/STM32CubeIDE_1.18.1/STM32CubeIDE/plugins/com.st.stm32cube.ide.mcu.externaltools.gnu-tools-for-stm32.13.3.rel1.win32_1.0.0.202411081344/tools/bin/../lib/gcc/arm-none-eabi/13.3.1/thumb/v7-m/nofp/crtbegin.o

.rodata         0x08008058      0x4dc
                0x08008058                        . = ALIGN (0x4)
 *(.rodata)
 .rodata        0x08008058       0x39 ./Core/Src/line_follow.o
 *fill*         0x08008091        0x3 
 .rodata        0x08008094       0xcb ./Core/Src/loadcell.o
 *fill*         0x0800815f        0x1 
 .rodata        0x08008160       0x2e ./Core/Src/main.o
 *(.rodata*)
 *fill*         0x0800818e        0x2 
 .rodata.adc_map.0
                0x08008190        0x5 ./Core/Src/line_follow.o
 *fill*         0x08008195        0x3 
 .rodata.AHBPrescTable
                0x08008198       0x10 ./Core/Src/system_stm32f1xx.o
                0x08008198                AHBPrescTable
 .rodata.APBPrescTable
                0x080081a8        0x8 ./Core/Src/system_stm32f1xx.o
                0x080081a8                APBPrescTable
 .rodata.aPLLMULFactorTable.1
                0x080081b0       0x10 ./Drivers/STM32F1xx_HAL_Driver/Src/stm32f1xx_hal_rcc.o
 .rodata.aPredivFactorTable.0
                0x080081c0        0x2 ./Drivers/STM32F1xx_HAL_Driver/Src/stm32f1xx_hal_rcc.o
 .rodata._printf_float.str1.1
                0x080081c2      0x171 D:/SOFTWARE/en.st-stm32cubeide_1.18.1_24813_20250409_2138_x86_64.exe/STM32CubeIDE_1.18.1/STM32CubeIDE/plugins/com.st.stm32cube.ide.mcu.externaltools.gnu-tools-for-stm32.13.3.rel1.win32_1.0.0.202411081344/tools/bin/../lib/gcc/arm-none-eabi/13.3.1/../../../../arm-none-eabi/lib/thumb/v7-m/nofp\libc_nano.a(libc_a-nano-vfprintf_float.o)
                                 0x12 (size before relaxing)
 .rodata._printf_i.str1.1
                0x08008333       0x22 D:/SOFTWARE/en.st-stm32cubeide_1.18.1_24813_20250409_2138_x86_64.exe/STM32CubeIDE_1.18.1/STM32CubeIDE/plugins/com.st.stm32cube.ide.mcu.externaltools.gnu-tools-for-stm32.13.3.rel1.win32_1.0.0.202411081344/tools/bin/../lib/gcc/arm-none-eabi/13.3.1/../../../../arm-none-eabi/lib/thumb/v7-m/nofp\libc_nano.a(libc_a-nano-vfprintf_i.o)
 .rodata._dtoa_r.str1.1
                0x08008333       0x8f D:/SOFTWARE/en.st-stm32cubeide_1.18.1_24813_20250409_2138_x86_64.exe/STM32CubeIDE_1.18.1/STM32CubeIDE/plugins/com.st.stm32cube.ide.mcu.externaltools.gnu-tools-for-stm32.13.3.rel1.win32_1.0.0.202411081344/tools/bin/../lib/gcc/arm-none-eabi/13.3.1/../../../../arm-none-eabi/lib/thumb/v7-m/nofp\libc_nano.a(libc_a-dtoa.o)
 .rodata._Balloc.str1.1
                0x08008333       0x70 D:/SOFTWARE/en.st-stm32cubeide_1.18.1_24813_20250409_2138_x86_64.exe/STM32CubeIDE_1.18.1/STM32CubeIDE/plugins/com.st.stm32cube.ide.mcu.externaltools.gnu-tools-for-stm32.13.3.rel1.win32_1.0.0.202411081344/tools/bin/../lib/gcc/arm-none-eabi/13.3.1/../../../../arm-none-eabi/lib/thumb/v7-m/nofp\libc_nano.a(libc_a-mprec.o)
 .rodata.__multadd.str1.1
                0x08008333       0x11 D:/SOFTWARE/en.st-stm32cubeide_1.18.1_24813_20250409_2138_x86_64.exe/STM32CubeIDE_1.18.1/STM32CubeIDE/plugins/com.st.stm32cube.ide.mcu.externaltools.gnu-tools-for-stm32.13.3.rel1.win32_1.0.0.202411081344/tools/bin/../lib/gcc/arm-none-eabi/13.3.1/../../../../arm-none-eabi/lib/thumb/v7-m/nofp\libc_nano.a(libc_a-mprec.o)
 *fill*         0x08008333        0x1 
 .rodata.p05.0  0x08008334        0xc D:/SOFTWARE/en.st-stm32cubeide_1.18.1_24813_20250409_2138_x86_64.exe/STM32CubeIDE_1.18.1/STM32CubeIDE/plugins/com.st.stm32cube.ide.mcu.externaltools.gnu-tools-for-stm32.13.3.rel1.win32_1.0.0.202411081344/tools/bin/../lib/gcc/arm-none-eabi/13.3.1/../../../../arm-none-eabi/lib/thumb/v7-m/nofp\libc_nano.a(libc_a-mprec.o)
 .rodata.__mprec_bigtens
                0x08008340       0x28 D:/SOFTWARE/en.st-stm32cubeide_1.18.1_24813_20250409_2138_x86_64.exe/STM32CubeIDE_1.18.1/STM32CubeIDE/plugins/com.st.stm32cube.ide.mcu.externaltools.gnu-tools-for-stm32.13.3.rel1.win32_1.0.0.202411081344/tools/bin/../lib/gcc/arm-none-eabi/13.3.1/../../../../arm-none-eabi/lib/thumb/v7-m/nofp\libc_nano.a(libc_a-mprec.o)
                0x08008340                __mprec_bigtens
 .rodata.__mprec_tens
                0x08008368       0xc8 D:/SOFTWARE/en.st-stm32cubeide_1.18.1_24813_20250409_2138_x86_64.exe/STM32CubeIDE_1.18.1/STM32CubeIDE/plugins/com.st.stm32cube.ide.mcu.externaltools.gnu-tools-for-stm32.13.3.rel1.win32_1.0.0.202411081344/tools/bin/../lib/gcc/arm-none-eabi/13.3.1/../../../../arm-none-eabi/lib/thumb/v7-m/nofp\libc_nano.a(libc_a-mprec.o)
                0x08008368                __mprec_tens
 .rodata._svfprintf_r.str1.1
                0x08008430       0x11 D:/SOFTWARE/en.st-stm32cubeide_1.18.1_24813_20250409_2138_x86_64.exe/STM32CubeIDE_1.18.1/STM32CubeIDE/plugins/com.st.stm32cube.ide.mcu.externaltools.gnu-tools-for-stm32.13.3.rel1.win32_1.0.0.202411081344/tools/bin/../lib/gcc/arm-none-eabi/13.3.1/../../../../arm-none-eabi/lib/thumb/v7-m/nofp\libc_nano.a(libc_a-nano-svfprintf.o)
 .rodata._setlocale_r.str1.1
                0x08008430        0x9 D:/SOFTWARE/en.st-stm32cubeide_1.18.1_24813_20250409_2138_x86_64.exe/STM32CubeIDE_1.18.1/STM32CubeIDE/plugins/com.st.stm32cube.ide.mcu.externaltools.gnu-tools-for-stm32.13.3.rel1.win32_1.0.0.202411081344/tools/bin/../lib/gcc/arm-none-eabi/13.3.1/../../../../arm-none-eabi/lib/thumb/v7-m/nofp\libc_nano.a(libc_a-locale.o)
 .rodata.str1.1
                0x08008430        0x2 D:/SOFTWARE/en.st-stm32cubeide_1.18.1_24813_20250409_2138_x86_64.exe/STM32CubeIDE_1.18.1/STM32CubeIDE/plugins/com.st.stm32cube.ide.mcu.externaltools.gnu-tools-for-stm32.13.3.rel1.win32_1.0.0.202411081344/tools/bin/../lib/gcc/arm-none-eabi/13.3.1/../../../../arm-none-eabi/lib/thumb/v7-m/nofp\libc_nano.a(libc_a-locale.o)
 .rodata.__assert_func.str1.1
                0x08008430       0x3d D:/SOFTWARE/en.st-stm32cubeide_1.18.1_24813_20250409_2138_x86_64.exe/STM32CubeIDE_1.18.1/STM32CubeIDE/plugins/com.st.stm32cube.ide.mcu.externaltools.gnu-tools-for-stm32.13.3.rel1.win32_1.0.0.202411081344/tools/bin/../lib/gcc/arm-none-eabi/13.3.1/../../../../arm-none-eabi/lib/thumb/v7-m/nofp\libc_nano.a(libc_a-assert.o)
 .rodata._ctype_
                0x08008430      0x101 D:/SOFTWARE/en.st-stm32cubeide_1.18.1_24813_20250409_2138_x86_64.exe/STM32CubeIDE_1.18.1/STM32CubeIDE/plugins/com.st.stm32cube.ide.mcu.externaltools.gnu-tools-for-stm32.13.3.rel1.win32_1.0.0.202411081344/tools/bin/../lib/gcc/arm-none-eabi/13.3.1/../../../../arm-none-eabi/lib/thumb/v7-m/nofp\libc_nano.a(libc_a-ctype_.o)
                0x08008430                _ctype_
 .rodata._vfprintf_r.str1.1
                0x08008531       0x11 D:/SOFTWARE/en.st-stm32cubeide_1.18.1_24813_20250409_2138_x86_64.exe/STM32CubeIDE_1.18.1/STM32CubeIDE/plugins/com.st.stm32cube.ide.mcu.externaltools.gnu-tools-for-stm32.13.3.rel1.win32_1.0.0.202411081344/tools/bin/../lib/gcc/arm-none-eabi/13.3.1/../../../../arm-none-eabi/lib/thumb/v7-m/nofp\libc_nano.a(libc_a-nano-vfprintf.o)
                0x08008544                        . = ALIGN (0x4)
 *fill*         0x08008531        0x3 

.ARM.extab      0x08008534        0x0
                0x08008534                        . = ALIGN (0x4)
 *(.ARM.extab* .gnu.linkonce.armextab.*)
                0x08008534                        . = ALIGN (0x4)

.ARM            0x08008534        0x8
                0x08008534                        . = ALIGN (0x4)
                0x08008534                        __exidx_start = .
 *(.ARM.exidx*)
 .ARM.exidx     0x08008534        0x8 D:/SOFTWARE/en.st-stm32cubeide_1.18.1_24813_20250409_2138_x86_64.exe/STM32CubeIDE_1.18.1/STM32CubeIDE/plugins/com.st.stm32cube.ide.mcu.externaltools.gnu-tools-for-stm32.13.3.rel1.win32_1.0.0.202411081344/tools/bin/../lib/gcc/arm-none-eabi/13.3.1/../../../../arm-none-eabi/lib/thumb/v7-m/nofp\libc_nano.a(libc_a-strlen.o)
 .ARM.exidx     0x0800853c        0x0 D:/SOFTWARE/en.st-stm32cubeide_1.18.1_24813_20250409_2138_x86_64.exe/STM32CubeIDE_1.18.1/STM32CubeIDE/plugins/com.st.stm32cube.ide.mcu.externaltools.gnu-tools-for-stm32.13.3.rel1.win32_1.0.0.202411081344/tools/bin/../lib/gcc/arm-none-eabi/13.3.1/thumb/v7-m/nofp\libgcc.a(_udivmoddi4.o)
                                  0x8 (size before relaxing)
                0x0800853c                        __exidx_end = .
                0x0800853c                        . = ALIGN (0x4)

.preinit_array  0x0800853c        0x0
                0x0800853c                        . = ALIGN (0x4)
                0x0800853c                        PROVIDE (__preinit_array_start = .)
 *(.preinit_array*)
                0x0800853c                        PROVIDE (__preinit_array_end = .)
                0x0800853c                        . = ALIGN (0x4)

.init_array     0x0800853c        0x4
                0x0800853c                        . = ALIGN (0x4)
                0x0800853c                        PROVIDE (__init_array_start = .)
 *(SORT_BY_NAME(.init_array.*))
 *(.init_array*)
 .init_array    0x0800853c        0x4 D:/SOFTWARE/en.st-stm32cubeide_1.18.1_24813_20250409_2138_x86_64.exe/STM32CubeIDE_1.18.1/STM32CubeIDE/plugins/com.st.stm32cube.ide.mcu.externaltools.gnu-tools-for-stm32.13.3.rel1.win32_1.0.0.202411081344/tools/bin/../lib/gcc/arm-none-eabi/13.3.1/thumb/v7-m/nofp/crtbegin.o
                0x08008540                        PROVIDE (__init_array_end = .)
                0x08008540                        . = ALIGN (0x4)

.fini_array     0x08008540        0x4
                0x08008540                        . = ALIGN (0x4)
                [!provide]                        PROVIDE (__fini_array_start = .)
 *(SORT_BY_NAME(.fini_array.*))
 *(.fini_array*)
 .fini_array    0x08008540        0x4 D:/SOFTWARE/en.st-stm32cubeide_1.18.1_24813_20250409_2138_x86_64.exe/STM32CubeIDE_1.18.1/STM32CubeIDE/plugins/com.st.stm32cube.ide.mcu.externaltools.gnu-tools-for-stm32.13.3.rel1.win32_1.0.0.202411081344/tools/bin/../lib/gcc/arm-none-eabi/13.3.1/thumb/v7-m/nofp/crtbegin.o
                [!provide]                        PROVIDE (__fini_array_end = .)
                0x08008544                        . = ALIGN (0x4)
                0x08008544                        _sidata = LOADADDR (.data)

.rel.dyn        0x08008544        0x0
 .rel.iplt      0x08008544        0x0 D:/SOFTWARE/en.st-stm32cubeide_1.18.1_24813_20250409_2138_x86_64.exe/STM32CubeIDE_1.18.1/STM32CubeIDE/plugins/com.st.stm32cube.ide.mcu.externaltools.gnu-tools-for-stm32.13.3.rel1.win32_1.0.0.202411081344/tools/bin/../lib/gcc/arm-none-eabi/13.3.1/thumb/v7-m/nofp/crtbegin.o

.data           0x20000000      0x1d4 load address 0x08008544
                0x20000000                        . = ALIGN (0x4)
                0x20000000                        _sdata = .
 *(.data)
 *(.data*)
 .data.SystemCoreClock
                0x20000000        0x4 ./Core/Src/system_stm32f1xx.o
                0x20000000                SystemCoreClock
 .data.uwTickPrio
                0x20000004        0x4 ./Drivers/STM32F1xx_HAL_Driver/Src/stm32f1xx_hal.o
                0x20000004                uwTickPrio
 .data.uwTickFreq
                0x20000008        0x1 ./Drivers/STM32F1xx_HAL_Driver/Src/stm32f1xx_hal.o
                0x20000008                uwTickFreq
 *fill*         0x20000009        0x3 
 .data.__sglue  0x2000000c        0xc D:/SOFTWARE/en.st-stm32cubeide_1.18.1_24813_20250409_2138_x86_64.exe/STM32CubeIDE_1.18.1/STM32CubeIDE/plugins/com.st.stm32cube.ide.mcu.externaltools.gnu-tools-for-stm32.13.3.rel1.win32_1.0.0.202411081344/tools/bin/../lib/gcc/arm-none-eabi/13.3.1/../../../../arm-none-eabi/lib/thumb/v7-m/nofp\libc_nano.a(libc_a-findfp.o)
                0x2000000c                __sglue
 .data._impure_ptr
                0x20000018        0x4 D:/SOFTWARE/en.st-stm32cubeide_1.18.1_24813_20250409_2138_x86_64.exe/STM32CubeIDE_1.18.1/STM32CubeIDE/plugins/com.st.stm32cube.ide.mcu.externaltools.gnu-tools-for-stm32.13.3.rel1.win32_1.0.0.202411081344/tools/bin/../lib/gcc/arm-none-eabi/13.3.1/../../../../arm-none-eabi/lib/thumb/v7-m/nofp\libc_nano.a(libc_a-impure.o)
                0x20000018                _impure_ptr
 .data._impure_data
                0x2000001c       0x4c D:/SOFTWARE/en.st-stm32cubeide_1.18.1_24813_20250409_2138_x86_64.exe/STM32CubeIDE_1.18.1/STM32CubeIDE/plugins/com.st.stm32cube.ide.mcu.externaltools.gnu-tools-for-stm32.13.3.rel1.win32_1.0.0.202411081344/tools/bin/../lib/gcc/arm-none-eabi/13.3.1/../../../../arm-none-eabi/lib/thumb/v7-m/nofp\libc_nano.a(libc_a-impure.o)
                0x2000001c                _impure_data
 .data.__global_locale
                0x20000068      0x16c D:/SOFTWARE/en.st-stm32cubeide_1.18.1_24813_20250409_2138_x86_64.exe/STM32CubeIDE_1.18.1/STM32CubeIDE/plugins/com.st.stm32cube.ide.mcu.externaltools.gnu-tools-for-stm32.13.3.rel1.win32_1.0.0.202411081344/tools/bin/../lib/gcc/arm-none-eabi/13.3.1/../../../../arm-none-eabi/lib/thumb/v7-m/nofp\libc_nano.a(libc_a-locale.o)
                0x20000068                __global_locale
 *(.RamFunc)
 *(.RamFunc*)
                0x200001d4                        . = ALIGN (0x4)
                0x200001d4                        _edata = .

.igot.plt       0x200001d4        0x0 load address 0x08008718
 .igot.plt      0x200001d4        0x0 D:/SOFTWARE/en.st-stm32cubeide_1.18.1_24813_20250409_2138_x86_64.exe/STM32CubeIDE_1.18.1/STM32CubeIDE/plugins/com.st.stm32cube.ide.mcu.externaltools.gnu-tools-for-stm32.13.3.rel1.win32_1.0.0.202411081344/tools/bin/../lib/gcc/arm-none-eabi/13.3.1/thumb/v7-m/nofp/crtbegin.o
                0x200001d4                        . = ALIGN (0x4)

.bss            0x200001d4      0x3a0 load address 0x08008718
                0x200001d4                        _sbss = .
                0x200001d4                        __bss_start__ = _sbss
 *(.bss)
 .bss           0x200001d4       0x1c D:/SOFTWARE/en.st-stm32cubeide_1.18.1_24813_20250409_2138_x86_64.exe/STM32CubeIDE_1.18.1/STM32CubeIDE/plugins/com.st.stm32cube.ide.mcu.externaltools.gnu-tools-for-stm32.13.3.rel1.win32_1.0.0.202411081344/tools/bin/../lib/gcc/arm-none-eabi/13.3.1/thumb/v7-m/nofp/crtbegin.o
 *(.bss*)
 .bss.LineData  0x200001f0       0x14 ./Core/Src/line_follow.o
                0x200001f0                LineData
 .bss.loadcell  0x20000204       0x34 ./Core/Src/main.o
                0x20000204                loadcell
 .bss.hadc1     0x20000238       0x30 ./Core/Src/main.o
                0x20000238                hadc1
 .bss.hdma_adc1
                0x20000268       0x44 ./Core/Src/main.o
                0x20000268                hdma_adc1
 .bss.htim1     0x200002ac       0x48 ./Core/Src/main.o
                0x200002ac                htim1
 .bss.htim2     0x200002f4       0x48 ./Core/Src/main.o
                0x200002f4                htim2
 .bss.htim3     0x2000033c       0x48 ./Core/Src/main.o
                0x2000033c                htim3
 .bss.htim4     0x20000384       0x48 ./Core/Src/main.o
                0x20000384                htim4
 .bss.huart1    0x200003cc       0x48 ./Core/Src/main.o
                0x200003cc                huart1
 .bss.adc_dma_buffer
                0x20000414        0xa ./Core/Src/main.o
                0x20000414                adc_dma_buffer
 *fill*         0x2000041e        0x2 
 .bss.__sbrk_heap_end
                0x20000420        0x4 ./Core/Src/sysmem.o
 .bss.uwTick    0x20000424        0x4 ./Drivers/STM32F1xx_HAL_Driver/Src/stm32f1xx_hal.o
                0x20000424                uwTick
 .bss.__sf      0x20000428      0x138 D:/SOFTWARE/en.st-stm32cubeide_1.18.1_24813_20250409_2138_x86_64.exe/STM32CubeIDE_1.18.1/STM32CubeIDE/plugins/com.st.stm32cube.ide.mcu.externaltools.gnu-tools-for-stm32.13.3.rel1.win32_1.0.0.202411081344/tools/bin/../lib/gcc/arm-none-eabi/13.3.1/../../../../arm-none-eabi/lib/thumb/v7-m/nofp\libc_nano.a(libc_a-findfp.o)
                0x20000428                __sf
 .bss.__stdio_exit_handler
                0x20000560        0x4 D:/SOFTWARE/en.st-stm32cubeide_1.18.1_24813_20250409_2138_x86_64.exe/STM32CubeIDE_1.18.1/STM32CubeIDE/plugins/com.st.stm32cube.ide.mcu.externaltools.gnu-tools-for-stm32.13.3.rel1.win32_1.0.0.202411081344/tools/bin/../lib/gcc/arm-none-eabi/13.3.1/../../../../arm-none-eabi/lib/thumb/v7-m/nofp\libc_nano.a(libc_a-findfp.o)
                0x20000560                __stdio_exit_handler
 .bss.errno     0x20000564        0x4 D:/SOFTWARE/en.st-stm32cubeide_1.18.1_24813_20250409_2138_x86_64.exe/STM32CubeIDE_1.18.1/STM32CubeIDE/plugins/com.st.stm32cube.ide.mcu.externaltools.gnu-tools-for-stm32.13.3.rel1.win32_1.0.0.202411081344/tools/bin/../lib/gcc/arm-none-eabi/13.3.1/../../../../arm-none-eabi/lib/thumb/v7-m/nofp\libc_nano.a(libc_a-reent.o)
                0x20000564                errno
 .bss.__lock___malloc_recursive_mutex
                0x20000568        0x1 D:/SOFTWARE/en.st-stm32cubeide_1.18.1_24813_20250409_2138_x86_64.exe/STM32CubeIDE_1.18.1/STM32CubeIDE/plugins/com.st.stm32cube.ide.mcu.externaltools.gnu-tools-for-stm32.13.3.rel1.win32_1.0.0.202411081344/tools/bin/../lib/gcc/arm-none-eabi/13.3.1/../../../../arm-none-eabi/lib/thumb/v7-m/nofp\libc_nano.a(libc_a-lock.o)
                0x20000568                __lock___malloc_recursive_mutex
 .bss.__lock___sfp_recursive_mutex
                0x20000569        0x1 D:/SOFTWARE/en.st-stm32cubeide_1.18.1_24813_20250409_2138_x86_64.exe/STM32CubeIDE_1.18.1/STM32CubeIDE/plugins/com.st.stm32cube.ide.mcu.externaltools.gnu-tools-for-stm32.13.3.rel1.win32_1.0.0.202411081344/tools/bin/../lib/gcc/arm-none-eabi/13.3.1/../../../../arm-none-eabi/lib/thumb/v7-m/nofp\libc_nano.a(libc_a-lock.o)
                0x20000569                __lock___sfp_recursive_mutex
 *fill*         0x2000056a        0x2 
 .bss.__malloc_sbrk_start
                0x2000056c        0x4 D:/SOFTWARE/en.st-stm32cubeide_1.18.1_24813_20250409_2138_x86_64.exe/STM32CubeIDE_1.18.1/STM32CubeIDE/plugins/com.st.stm32cube.ide.mcu.externaltools.gnu-tools-for-stm32.13.3.rel1.win32_1.0.0.202411081344/tools/bin/../lib/gcc/arm-none-eabi/13.3.1/../../../../arm-none-eabi/lib/thumb/v7-m/nofp\libc_nano.a(libc_a-mallocr.o)
                0x2000056c                __malloc_sbrk_start
 .bss.__malloc_free_list
                0x20000570        0x4 D:/SOFTWARE/en.st-stm32cubeide_1.18.1_24813_20250409_2138_x86_64.exe/STM32CubeIDE_1.18.1/STM32CubeIDE/plugins/com.st.stm32cube.ide.mcu.externaltools.gnu-tools-for-stm32.13.3.rel1.win32_1.0.0.202411081344/tools/bin/../lib/gcc/arm-none-eabi/13.3.1/../../../../arm-none-eabi/lib/thumb/v7-m/nofp\libc_nano.a(libc_a-mallocr.o)
                0x20000570                __malloc_free_list
 *(COMMON)
                0x20000574                        . = ALIGN (0x4)
                0x20000574                        _ebss = .
                0x20000574                        __bss_end__ = _ebss

._user_heap_stack
                0x20000574      0x604 load address 0x08008718
                0x20000578                        . = ALIGN (0x8)
 *fill*         0x20000574        0x4 
                [!provide]                        PROVIDE (end = .)
                0x20000578                        PROVIDE (_end = .)
                0x20000778                        . = (. + _Min_Heap_Size)
 *fill*         0x20000578      0x200 
                0x20000b78                        . = (. + _Min_Stack_Size)
 *fill*         0x20000778      0x400 
                0x20000b78                        . = ALIGN (0x8)

/DISCARD/
 libc.a(*)
 libm.a(*)
 libgcc.a(*)

.ARM.attributes
                0x00000000       0x29
 *(.ARM.attributes)
 .ARM.attributes
                0x00000000       0x1d D:/SOFTWARE/en.st-stm32cubeide_1.18.1_24813_20250409_2138_x86_64.exe/STM32CubeIDE_1.18.1/STM32CubeIDE/plugins/com.st.stm32cube.ide.mcu.externaltools.gnu-tools-for-stm32.13.3.rel1.win32_1.0.0.202411081344/tools/bin/../lib/gcc/arm-none-eabi/13.3.1/thumb/v7-m/nofp/crti.o
 .ARM.attributes
                0x0000001d       0x2d D:/SOFTWARE/en.st-stm32cubeide_1.18.1_24813_20250409_2138_x86_64.exe/STM32CubeIDE_1.18.1/STM32CubeIDE/plugins/com.st.stm32cube.ide.mcu.externaltools.gnu-tools-for-stm32.13.3.rel1.win32_1.0.0.202411081344/tools/bin/../lib/gcc/arm-none-eabi/13.3.1/thumb/v7-m/nofp/crtbegin.o
 .ARM.attributes
                0x0000004a       0x2d ./Core/Src/HX711.o
 .ARM.attributes
                0x00000077       0x2d ./Core/Src/hienthi.o
 .ARM.attributes
                0x000000a4       0x2d ./Core/Src/line_follow.o
 .ARM.attributes
                0x000000d1       0x2d ./Core/Src/loadcell.o
 .ARM.attributes
                0x000000fe       0x2d ./Core/Src/main.o
 .ARM.attributes
                0x0000012b       0x2d ./Core/Src/stm32f1xx_hal_msp.o
 .ARM.attributes
                0x00000158       0x2d ./Core/Src/stm32f1xx_it.o
 .ARM.attributes
                0x00000185       0x2d ./Core/Src/syscalls.o
 .ARM.attributes
                0x000001b2       0x2d ./Core/Src/sysmem.o
 .ARM.attributes
                0x000001df       0x2d ./Core/Src/system_stm32f1xx.o
 .ARM.attributes
                0x0000020c       0x21 ./Core/Startup/startup_stm32f103c8tx.o
 .ARM.attributes
                0x0000022d       0x2d ./Drivers/STM32F1xx_HAL_Driver/Src/stm32f1xx_hal.o
 .ARM.attributes
                0x0000025a       0x2d ./Drivers/STM32F1xx_HAL_Driver/Src/stm32f1xx_hal_adc.o
 .ARM.attributes
                0x00000287       0x2d ./Drivers/STM32F1xx_HAL_Driver/Src/stm32f1xx_hal_adc_ex.o
 .ARM.attributes
                0x000002b4       0x2d ./Drivers/STM32F1xx_HAL_Driver/Src/stm32f1xx_hal_cortex.o
 .ARM.attributes
                0x000002e1       0x2d ./Drivers/STM32F1xx_HAL_Driver/Src/stm32f1xx_hal_dma.o
 .ARM.attributes
                0x0000030e       0x2d ./Drivers/STM32F1xx_HAL_Driver/Src/stm32f1xx_hal_gpio.o
 .ARM.attributes
                0x0000033b       0x2d ./Drivers/STM32F1xx_HAL_Driver/Src/stm32f1xx_hal_rcc.o
 .ARM.attributes
                0x00000368       0x2d ./Drivers/STM32F1xx_HAL_Driver/Src/stm32f1xx_hal_rcc_ex.o
 .ARM.attributes
                0x00000395       0x2d ./Drivers/STM32F1xx_HAL_Driver/Src/stm32f1xx_hal_tim.o
 .ARM.attributes
                0x000003c2       0x2d ./Drivers/STM32F1xx_HAL_Driver/Src/stm32f1xx_hal_tim_ex.o
 .ARM.attributes
                0x000003ef       0x2d ./Drivers/STM32F1xx_HAL_Driver/Src/stm32f1xx_hal_uart.o
 .ARM.attributes
                0x0000041c       0x2d D:/SOFTWARE/en.st-stm32cubeide_1.18.1_24813_20250409_2138_x86_64.exe/STM32CubeIDE_1.18.1/STM32CubeIDE/plugins/com.st.stm32cube.ide.mcu.externaltools.gnu-tools-for-stm32.13.3.rel1.win32_1.0.0.202411081344/tools/bin/../lib/gcc/arm-none-eabi/13.3.1/../../../../arm-none-eabi/lib/thumb/v7-m/nofp\libc_nano.a(libc_a-nano-vfprintf_float.o)
 .ARM.attributes
                0x00000449       0x2d D:/SOFTWARE/en.st-stm32cubeide_1.18.1_24813_20250409_2138_x86_64.exe/STM32CubeIDE_1.18.1/STM32CubeIDE/plugins/com.st.stm32cube.ide.mcu.externaltools.gnu-tools-for-stm32.13.3.rel1.win32_1.0.0.202411081344/tools/bin/../lib/gcc/arm-none-eabi/13.3.1/../../../../arm-none-eabi/lib/thumb/v7-m/nofp\libc_nano.a(libc_a-nano-vfprintf_i.o)
 .ARM.attributes
                0x00000476       0x2d D:/SOFTWARE/en.st-stm32cubeide_1.18.1_24813_20250409_2138_x86_64.exe/STM32CubeIDE_1.18.1/STM32CubeIDE/plugins/com.st.stm32cube.ide.mcu.externaltools.gnu-tools-for-stm32.13.3.rel1.win32_1.0.0.202411081344/tools/bin/../lib/gcc/arm-none-eabi/13.3.1/../../../../arm-none-eabi/lib/thumb/v7-m/nofp\libc_nano.a(libc_a-findfp.o)
 .ARM.attributes
                0x000004a3       0x2d D:/SOFTWARE/en.st-stm32cubeide_1.18.1_24813_20250409_2138_x86_64.exe/STM32CubeIDE_1.18.1/STM32CubeIDE/plugins/com.st.stm32cube.ide.mcu.externaltools.gnu-tools-for-stm32.13.3.rel1.win32_1.0.0.202411081344/tools/bin/../lib/gcc/arm-none-eabi/13.3.1/../../../../arm-none-eabi/lib/thumb/v7-m/nofp\libc_nano.a(libc_a-fwalk.o)
 .ARM.attributes