../Core/Src/control_motor.c:78:6:Motor_Init	8	static
../Core/Src/control_motor.c:102:6:Motor_SetDirectionLeft	16	static
../Core/Src/control_motor.c:126:6:Motor_SetDirectionRight	16	static
../Core/Src/control_motor.c:153:6:Motor_SetDuty	40	static
../Core/Src/control_motor.c:173:6:Motor_ReadSpeed	40	static
../Core/Src/control_motor.c:203:7:Motor_GetLeftRPM	4	static
../Core/Src/control_motor.c:206:7:Motor_GetRightRPM	4	static
../Core/Src/control_motor.c:210:7:Motor_GetSpeedLeftMS	8	static
../Core/Src/control_motor.c:214:7:Motor_GetSpeedRightMS	8	static
../Core/Src/control_motor.c:217:7:Motor_GetSpeedAverageMS	16	static
../Core/Src/control_motor.c:224:6:Motor_SetSpeedMps	56	static
../Core/Src/control_motor.c:262:6:Motor_Debug_CheckPWM	440	static
