../Core/Src/control_motor.c:77:6:Motor_Init	8	static
../Core/Src/control_motor.c:101:6:Motor_SetDirectionLeft	16	static
../Core/Src/control_motor.c:125:6:Motor_SetDirectionRight	16	static
../Core/Src/control_motor.c:152:6:Motor_SetDuty	40	static
../Core/Src/control_motor.c:172:6:Motor_ReadSpeed	40	static
../Core/Src/control_motor.c:202:7:Motor_GetLeftRPM	4	static
../Core/Src/control_motor.c:207:7:Motor_GetRightRPM	4	static
../Core/Src/control_motor.c:212:7:Motor_GetSpeedLeftMS	8	static
../Core/Src/control_motor.c:217:7:Motor_GetSpeedRightMS	8	static
../Core/Src/control_motor.c:222:7:Motor_GetSpeedAverageMS	16	static
../Core/Src/control_motor.c:234:6:Motor_SetSpeedMps	56	static
../Core/Src/control_motor.c:277:6:Motor_Debug_CheckPWM	344	static
