../Core/Src/main.c:86:5:main	160	static
../Core/Src/main.c:222:6:SystemClock_Config	88	static
../Core/Src/main.c:269:13:MX_ADC1_Init	24	static
../Core/Src/main.c:352:13:MX_TIM1_Init	80	static
../Core/Src/main.c:421:13:MX_TIM2_Init	56	static
../Core/Src/main.c:470:13:MX_TIM3_Init	48	static
../Core/Src/main.c:519:13:MX_TIM4_Init	56	static
../Core/Src/main.c:568:13:MX_USART1_UART_Init	8	static
../Core/Src/main.c:599:13:MX_DMA_Init	16	static
../Core/Src/main.c:617:13:MX_GPIO_Init	40	static
../Core/Src/main.c:668:6:Error_Handler	4	static,ignoring_inline_asm
