../Core/Src/main.c:86:5:main	152	static
../Core/Src/main.c:215:6:SystemClock_Config	88	static
../Core/Src/main.c:262:13:MX_ADC1_Init	24	static
../Core/Src/main.c:345:13:MX_TIM1_Init	80	static
../Core/Src/main.c:414:13:MX_TIM2_Init	56	static
../Core/Src/main.c:463:13:MX_TIM3_Init	48	static
../Core/Src/main.c:512:13:MX_TIM4_Init	56	static
../Core/Src/main.c:561:13:MX_USART1_UART_Init	8	static
../Core/Src/main.c:592:13:MX_DMA_Init	16	static
../Core/Src/main.c:610:13:MX_GPIO_Init	40	static
../Core/Src/main.c:661:6:Error_Handler	4	static,ignoring_inline_asm
